<html>
<body>
<pre>
<h1>礦ision Build Log</h1>
<h2>Tool Versions:</h2>
IDE-Version: μVision V5.26.2.0
Copyright (C) 2018 ARM Ltd and ARM Germany GmbH. All rights reserved.
License Information: pcl pcl, pcl, LIC=HN0AE-51B4S-KP0ZY-IZGQC-ND0AB-Q0KEW
 
Tool Versions:
Toolchain:       MDK-ARM Plus  Version: 5.26.2.0
Toolchain Path:  E:\Keil_v5\ARM\ARMCC\Bin
C Compiler:      Armcc.exe V5.06 update 6 (build 750)
Assembler:       Armasm.exe V5.06 update 6 (build 750)
Linker/Locator:  ArmLink.exe V5.06 update 6 (build 750)
Library Manager: ArmAr.exe V5.06 update 6 (build 750)
Hex Converter:   FromElf.exe V5.06 update 6 (build 750)
CPU DLL:         SARMCM3.DLL V5.26.2.0
Dialog DLL:      DCM.DLL V1.17.2.0
Target DLL:      STLink\ST-LINKIII-KEIL_SWO.dll V3.0.5.0
Dialog DLL:      TCM.DLL V1.36.1.0
 
<h2>Project:</h2>
C:\Users\pcl\Desktop\ceguozhong\Mini小车_D版STM32源码_2023.04.21(默认GMR编码器)\USER\WHEELTEC.uvprojx
Project File Date:  11/13/2023

<h2>Output:</h2>
*** Using Compiler 'V5.06 update 6 (build 750)', folder: 'E:\Keil_v5\ARM\ARMCC\Bin'
Rebuild target 'FreeRTOS'
compiling LED.C...
compiling system_stm32f4xx.c...
compiling encoder.c...
compiling pstwo.c...
compiling motor.c...
compiling main.c...
compiling adc.c...
compiling key.c...
compiling oled.c...
compiling can.c...
compiling stm32f4xx_it.c...
assembling startup_stm32f40_41xxx.s...
compiling misc.c...
compiling sys.c...
compiling usart.c...
compiling timer.c...
compiling stm32f4xx_syscfg.c...
compiling delay.c...
compiling stm32f4xx_usart.c...
compiling stm32f4xx_rcc.c...
compiling usartx.c...
compiling stm32f4xx_gpio.c...
compiling stm32f4xx_adc.c...
compiling stm32f4xx_pwr.c...
compiling croutine.c...
compiling stm32f4xx_can.c...
compiling event_groups.c...
compiling port.c...
compiling list.c...
compiling heap_4.c...
compiling queue.c...
compiling timers.c...
compiling stm32f4xx_tim.c...
compiling tasks.c...
compiling system.c...
compiling robot_select_init.c...
compiling show.c...
compiling I2C.c...
compiling MPU6050.c...
compiling balance.c...
linking...
Program Size: Code=42314 RO-data=6302 RW-data=556 ZI-data=24268  
FromELF: creating hex file...
"..\OBJ\WHEELTEC.axf" - 0 Error(s), 0 Warning(s).

<h2>Software Packages used:</h2>

Package Vendor: Keil
                http://www.keil.com/pack/Keil.STM32F4xx_DFP.2.9.0.pack
                Keil.STM32F4xx_DFP.2.9.0
                STMicroelectronics STM32F4 Series Device Support, Drivers and Examples

<h2>Collection of Component include folders:</h2>
  .\RTE\_FreeRTOS
  E:\Keil_v5\ARM\PACK\Keil\STM32F4xx_DFP\2.9.0\Drivers\CMSIS\Device\ST\STM32F4xx\Include

<h2>Collection of Component Files used:</h2>
Build Time Elapsed:  00:00:05
</pre>
</body>
</html>
