Component: ARM Compiler 5.06 update 6 (build 750) Tool: armlink [4d35ed]

==============================================================================

Section Cross References

    main.o(i.main) refers to system.o(i.systemInit) for systemInit
    main.o(i.main) refers to tasks.o(i.xTaskCreate) for xTaskCreate
    main.o(i.main) refers to tasks.o(i.vTaskStartScheduler) for vTaskStartScheduler
    main.o(i.main) refers to main.o(.data) for .data
    main.o(i.main) refers to main.o(i.start_task) for start_task
    main.o(i.start_task) refers to port.o(i.vPortEnterCritical) for vPortEnterCritical
    main.o(i.start_task) refers to tasks.o(i.xTaskCreate) for xTaskCreate
    main.o(i.start_task) refers to tasks.o(i.vTaskDelete) for vTaskDelete
    main.o(i.start_task) refers to port.o(i.vPortExitCritical) for vPortExitCritical
    main.o(i.start_task) refers to balance.o(i.Balance_task) for Balance_task
    main.o(i.start_task) refers to mpu6050.o(i.MPU6050_task) for MPU6050_task
    main.o(i.start_task) refers to show.o(i.show_task) for show_task
    main.o(i.start_task) refers to led.o(i.led_task) for led_task
    main.o(i.start_task) refers to pstwo.o(i.pstwo_task) for pstwo_task
    main.o(i.start_task) refers to usartx.o(i.data_task) for data_task
    main.o(i.start_task) refers to main.o(.data) for .data
    system_stm32f4xx.o(i.SystemCoreClockUpdate) refers to system_stm32f4xx.o(.data) for .data
    system_stm32f4xx.o(i.SystemInit) refers to system_stm32f4xx.o(i.SetSysClock) for SetSysClock
    adc.o(i.Adc_Init) refers to stm32f4xx_rcc.o(i.RCC_AHB1PeriphClockCmd) for RCC_AHB1PeriphClockCmd
    adc.o(i.Adc_Init) refers to stm32f4xx_rcc.o(i.RCC_APB2PeriphClockCmd) for RCC_APB2PeriphClockCmd
    adc.o(i.Adc_Init) refers to stm32f4xx_gpio.o(i.GPIO_Init) for GPIO_Init
    adc.o(i.Adc_Init) refers to stm32f4xx_rcc.o(i.RCC_APB2PeriphResetCmd) for RCC_APB2PeriphResetCmd
    adc.o(i.Adc_Init) refers to stm32f4xx_adc.o(i.ADC_CommonInit) for ADC_CommonInit
    adc.o(i.Adc_Init) refers to stm32f4xx_adc.o(i.ADC_Init) for ADC_Init
    adc.o(i.Adc_Init) refers to stm32f4xx_adc.o(i.ADC_Cmd) for ADC_Cmd
    adc.o(i.Adc_POWER_Init) refers to stm32f4xx_rcc.o(i.RCC_AHB1PeriphClockCmd) for RCC_AHB1PeriphClockCmd
    adc.o(i.Adc_POWER_Init) refers to stm32f4xx_rcc.o(i.RCC_APB2PeriphClockCmd) for RCC_APB2PeriphClockCmd
    adc.o(i.Adc_POWER_Init) refers to stm32f4xx_gpio.o(i.GPIO_Init) for GPIO_Init
    adc.o(i.Adc_POWER_Init) refers to stm32f4xx_rcc.o(i.RCC_APB2PeriphResetCmd) for RCC_APB2PeriphResetCmd
    adc.o(i.Adc_POWER_Init) refers to stm32f4xx_adc.o(i.ADC_CommonInit) for ADC_CommonInit
    adc.o(i.Adc_POWER_Init) refers to stm32f4xx_adc.o(i.ADC_Init) for ADC_Init
    adc.o(i.Adc_POWER_Init) refers to stm32f4xx_adc.o(i.ADC_Cmd) for ADC_Cmd
    adc.o(i.Get_Adc) refers to stm32f4xx_adc.o(i.ADC_RegularChannelConfig) for ADC_RegularChannelConfig
    adc.o(i.Get_Adc) refers to stm32f4xx_adc.o(i.ADC_SoftwareStartConv) for ADC_SoftwareStartConv
    adc.o(i.Get_Adc) refers to stm32f4xx_adc.o(i.ADC_GetFlagStatus) for ADC_GetFlagStatus
    adc.o(i.Get_Adc) refers to stm32f4xx_adc.o(i.ADC_GetConversionValue) for ADC_GetConversionValue
    adc.o(i.Get_Adc2) refers to stm32f4xx_adc.o(i.ADC_RegularChannelConfig) for ADC_RegularChannelConfig
    adc.o(i.Get_Adc2) refers to stm32f4xx_adc.o(i.ADC_SoftwareStartConv) for ADC_SoftwareStartConv
    adc.o(i.Get_Adc2) refers to stm32f4xx_adc.o(i.ADC_GetFlagStatus) for ADC_GetFlagStatus
    adc.o(i.Get_Adc2) refers to stm32f4xx_adc.o(i.ADC_GetConversionValue) for ADC_GetConversionValue
    adc.o(i.Get_adc_Average) refers to adc.o(i.Get_Adc) for Get_Adc
    adc.o(i.Get_adc_Average) refers to delay.o(i.delay_ms) for delay_ms
    adc.o(i.Get_battery_volt) refers to adc.o(i.Get_Adc2) for Get_Adc2
    adc.o(i.Get_battery_volt) refers to dflt_clz.o(x$fpl$dfltu) for __aeabi_ui2d
    adc.o(i.Get_battery_volt) refers to dmul.o(x$fpl$dmul) for __aeabi_dmul
    adc.o(i.Get_battery_volt) refers to d2f.o(x$fpl$d2f) for __aeabi_d2f
    can.o(i.CAN1_Mode_Init) refers to stm32f4xx_rcc.o(i.RCC_AHB1PeriphClockCmd) for RCC_AHB1PeriphClockCmd
    can.o(i.CAN1_Mode_Init) refers to stm32f4xx_rcc.o(i.RCC_APB1PeriphClockCmd) for RCC_APB1PeriphClockCmd
    can.o(i.CAN1_Mode_Init) refers to stm32f4xx_gpio.o(i.GPIO_Init) for GPIO_Init
    can.o(i.CAN1_Mode_Init) refers to stm32f4xx_gpio.o(i.GPIO_PinAFConfig) for GPIO_PinAFConfig
    can.o(i.CAN1_Mode_Init) refers to misc.o(i.NVIC_Init) for NVIC_Init
    can.o(i.CAN1_Mode_Init) refers to stm32f4xx_can.o(i.CAN_ITConfig) for CAN_ITConfig
    can.o(i.CAN1_RX0_IRQHandler) refers to can.o(i.CAN1_Rx_Msg) for CAN1_Rx_Msg
    can.o(i.CAN1_RX0_IRQHandler) refers to usartx.o(i.Vz_to_Akm_Angle) for Vz_to_Akm_Angle
    can.o(i.CAN1_RX0_IRQHandler) refers to system.o(.data) for CAN_ON_Flag
    can.o(i.CAN1_RX0_IRQHandler) refers to system.o(.data) for PS2_ON_Flag
[...]
    OLED_WR_Byte                             0x08002b8d   Thumb Code    62  oled.o(i.OLED_WR_Byte)
    PS2_ClearData                            0x08002bd1   Thumb Code    18  pstwo.o(i.PS2_ClearData)
    PS2_Cmd                                  0x08002be9   Thumb Code   124  pstwo.o(i.PS2_Cmd)
    PS2_DataKey                              0x08002c6d   Thumb Code    56  pstwo.o(i.PS2_DataKey)
    PS2_EnterConfing                         0x08002cad   Thumb Code    88  pstwo.o(i.PS2_EnterConfing)
    PS2_ExitConfing                          0x08002d09   Thumb Code    88  pstwo.o(i.PS2_ExitConfing)
    PS2_Init                                 0x08002d65   Thumb Code    78  pstwo.o(i.PS2_Init)
    PS2_Read                                 0x08002db9   Thumb Code   168  pstwo.o(i.PS2_Read)
    PS2_ReadData                             0x08002e9d   Thumb Code   156  pstwo.o(i.PS2_ReadData)
    PS2_SetInit                              0x08002f45   Thumb Code    30  pstwo.o(i.PS2_SetInit)
    PS2_ShortPoll                            0x08002f65   Thumb Code    64  pstwo.o(i.PS2_ShortPoll)
    PS2_TurnOnAnalogMode                     0x08002fa9   Thumb Code    82  pstwo.o(i.PS2_TurnOnAnalogMode)
    PS2_control                              0x08003001   Thumb Code   344  balance.o(i.PS2_control)
    PWR_BackupAccessCmd                      0x0800319d   Thumb Code     6  stm32f4xx_pwr.o(i.PWR_BackupAccessCmd)
    RCC_AHB1PeriphClockCmd                   0x080031a9   Thumb Code    18  stm32f4xx_rcc.o(i.RCC_AHB1PeriphClockCmd)
    RCC_APB1PeriphClockCmd                   0x080031c1   Thumb Code    18  stm32f4xx_rcc.o(i.RCC_APB1PeriphClockCmd)
    RCC_APB2PeriphClockCmd                   0x080031d9   Thumb Code    18  stm32f4xx_rcc.o(i.RCC_APB2PeriphClockCmd)
    RCC_APB2PeriphResetCmd                   0x080031f1   Thumb Code    18  stm32f4xx_rcc.o(i.RCC_APB2PeriphResetCmd)
    RCC_GetClocksFreq                        0x08003209   Thumb Code   132  stm32f4xx_rcc.o(i.RCC_GetClocksFreq)
    RCC_LSEConfig                            0x08003299   Thumb Code    22  stm32f4xx_rcc.o(i.RCC_LSEConfig)
    Read_Encoder                             0x080032b5   Thumb Code    52  encoder.o(i.Read_Encoder)
    Remote_Control                           0x080032f5   Thumb Code   398  balance.o(i.Remote_Control)
    Robot_Init                               0x080034bd   Thumb Code   124  robot_select_init.o(i.Robot_Init)
    Robot_Select                             0x08003555   Thumb Code   230  robot_select_init.o(i.Robot_Select)
    Set_Pwm                                  0x08003759   Thumb Code    94  balance.o(i.Set_Pwm)
    Smooth_control                           0x080037cd   Thumb Code   308  balance.o(i.Smooth_control)
    SysTick_CLKSourceConfig                  0x0800390d   Thumb Code    24  misc.o(i.SysTick_CLKSourceConfig)
    SysTick_Handler                          0x08003925   Thumb Code    20  delay.o(i.SysTick_Handler)
    SystemInit                               0x08003939   Thumb Code    74  system_stm32f4xx.o(i.SystemInit)
    TIM10_PWM_Init                           0x080039f9   Thumb Code   150  motor.o(i.TIM10_PWM_Init)
    TIM11_PWM_Init                           0x08003a99   Thumb Code   158  motor.o(i.TIM11_PWM_Init)
    TIM12_SERVO_Init                         0x08003b41   Thumb Code   198  timer.o(i.TIM12_SERVO_Init)
    TIM1_PWM_Init                            0x08003c11   Thumb Code   238  motor.o(i.TIM1_PWM_Init)
    TIM2_IRQHandler                          0x08003d09   Thumb Code    16  encoder.o(i.TIM2_IRQHandler)
    TIM3_IRQHandler                          0x08003d19   Thumb Code    14  encoder.o(i.TIM3_IRQHandler)
    TIM4_IRQHandler                          0x08003d2d   Thumb Code    14  encoder.o(i.TIM4_IRQHandler)
    TIM5_IRQHandler                          0x08003d41   Thumb Code    14  encoder.o(i.TIM5_IRQHandler)
    TIM8_BRK_TIM12_IRQHandler                0x08003d55   Thumb Code    14  encoder.o(i.TIM8_BRK_TIM12_IRQHandler)
    TIM8_CC_IRQHandler                       0x08003d69   Thumb Code   576  timer.o(i.TIM8_CC_IRQHandler)
    TIM8_Cap_Init                            0x08003fcd   Thumb Code   306  timer.o(i.TIM8_Cap_Init)
    TIM8_UP_TIM13_IRQHandler                 0x08004109   Thumb Code    12  timer.o(i.TIM8_UP_TIM13_IRQHandler)
    TIM9_PWM_Init                            0x08004119   Thumb Code   176  motor.o(i.TIM9_PWM_Init)
    TIM_ARRPreloadConfig                     0x080041d1   Thumb Code    20  stm32f4xx_tim.o(i.TIM_ARRPreloadConfig)
    TIM_ClearFlag                            0x080041e5   Thumb Code     6  stm32f4xx_tim.o(i.TIM_ClearFlag)
    TIM_ClearITPendingBit                    0x080041eb   Thumb Code     6  stm32f4xx_tim.o(i.TIM_ClearITPendingBit)
    TIM_Cmd                                  0x080041f1   Thumb Code    20  stm32f4xx_tim.o(i.TIM_Cmd)
    TIM_CtrlPWMOutputs                       0x08004205   Thumb Code    22  stm32f4xx_tim.o(i.TIM_CtrlPWMOutputs)
    TIM_EncoderInterfaceConfig               0x0800421b   Thumb Code    50  stm32f4xx_tim.o(i.TIM_EncoderInterfaceConfig)
    TIM_GetCapture1                          0x0800424d   Thumb Code     4  stm32f4xx_tim.o(i.TIM_GetCapture1)
    TIM_GetCapture2                          0x08004251   Thumb Code     4  stm32f4xx_tim.o(i.TIM_GetCapture2)
    TIM_GetCapture3                          0x08004255   Thumb Code     4  stm32f4xx_tim.o(i.TIM_GetCapture3)
    TIM_GetCapture4                          0x08004259   Thumb Code     4  stm32f4xx_tim.o(i.TIM_GetCapture4)
    TIM_GetITStatus                          0x0800425d   Thumb Code    24  stm32f4xx_tim.o(i.TIM_GetITStatus)
    TIM_ICInit                               0x08004275   Thumb Code   172  stm32f4xx_tim.o(i.TIM_ICInit)
    TIM_ICStructInit                         0x08004321   Thumb Code    16  stm32f4xx_tim.o(i.TIM_ICStructInit)
    TIM_ITConfig                             0x08004331   Thumb Code    16  stm32f4xx_tim.o(i.TIM_ITConfig)
    TIM_OC1Init                              0x08004341   Thumb Code    88  stm32f4xx_tim.o(i.TIM_OC1Init)
    TIM_OC1PolarityConfig                    0x080043a1   Thumb Code    12  stm32f4xx_tim.o(i.TIM_OC1PolarityConfig)
    TIM_OC1PreloadConfig                     0x080043ad   Thumb Code    12  stm32f4xx_tim.o(i.TIM_OC1PreloadConfig)
    TIM_OC2Init                              0x080043b9   Thumb Code   120  stm32f4xx_tim.o(i.TIM_OC2Init)
    TIM_OC2PolarityConfig                    0x08004439   Thumb Code    20  stm32f4xx_tim.o(i.TIM_OC2PolarityConfig)
    TIM_OC2PreloadConfig                     0x0800444d   Thumb Code    20  stm32f4xx_tim.o(i.TIM_OC2PreloadConfig)
    TIM_OC3Init                              0x08004461   Thumb Code   116  stm32f4xx_tim.o(i.TIM_OC3Init)
    TIM_OC3PolarityConfig                    0x080044dd   Thumb Code    20  stm32f4xx_tim.o(i.TIM_OC3PolarityConfig)
    TIM_OC3PreloadConfig                     0x080044f1   Thumb Code    12  stm32f4xx_tim.o(i.TIM_OC3PreloadConfig)
    TIM_OC4Init                              0x080044fd   Thumb Code    88  stm32f4xx_tim.o(i.TIM_OC4Init)
    TIM_OC4PolarityConfig                    0x0800455d   Thumb Code    20  stm32f4xx_tim.o(i.TIM_OC4PolarityConfig)
    TIM_OC4PreloadConfig                     0x08004571   Thumb Code    20  stm32f4xx_tim.o(i.TIM_OC4PreloadConfig)
    TIM_SetCounter                           0x08004585   Thumb Code     4  stm32f4xx_tim.o(i.TIM_SetCounter)
    TIM_SetIC1Prescaler                      0x08004589   Thumb Code    16  stm32f4xx_tim.o(i.TIM_SetIC1Prescaler)
    TIM_SetIC2Prescaler                      0x08004599   Thumb Code    24  stm32f4xx_tim.o(i.TIM_SetIC2Prescaler)
    TIM_SetIC3Prescaler                      0x080045b1   Thumb Code    16  stm32f4xx_tim.o(i.TIM_SetIC3Prescaler)
    TIM_SetIC4Prescaler                      0x080045c1   Thumb Code    24  stm32f4xx_tim.o(i.TIM_SetIC4Prescaler)
    TIM_TimeBaseInit                         0x080045d9   Thumb Code    96  stm32f4xx_tim.o(i.TIM_TimeBaseInit)
    TIM_TimeBaseStructInit                   0x08004655   Thumb Code    18  stm32f4xx_tim.o(i.TIM_TimeBaseStructInit)
    Turn_Off                                 0x08004669   Thumb Code    54  balance.o(i.Turn_Off)
    UART5_IRQHandler                         0x080046b9   Thumb Code   190  usartx.o(i.UART5_IRQHandler)
    USART1_IRQHandler                        0x080047b1   Thumb Code   206  usartx.o(i.USART1_IRQHandler)
    USART1_SEND                              0x080048b9   Thumb Code    22  usartx.o(i.USART1_SEND)
    USART2_IRQHandler                        0x080048d5   Thumb Code   474  usartx.o(i.USART2_IRQHandler)
    USART3_IRQHandler                        0x08004b09   Thumb Code   194  usartx.o(i.USART3_IRQHandler)
    USART3_SEND                              0x08004c09   Thumb Code    22  usartx.o(i.USART3_SEND)
    USART5_SEND                              0x08004c25   Thumb Code    22  usartx.o(i.USART5_SEND)
    USART_Cmd                                0x08004c41   Thumb Code    20  stm32f4xx_usart.o(i.USART_Cmd)
    USART_GetITStatus                        0x08004c55   Thumb Code    62  stm32f4xx_usart.o(i.USART_GetITStatus)
    USART_ITConfig                           0x08004c93   Thumb Code    48  stm32f4xx_usart.o(i.USART_ITConfig)
    USART_Init                               0x08004cc5   Thumb Code   164  stm32f4xx_usart.o(i.USART_Init)
    USART_ReceiveData                        0x08004d71   Thumb Code     8  stm32f4xx_usart.o(i.USART_ReceiveData)
    UsageFault_Handler                       0x08004d79   Thumb Code     2  stm32f4xx_it.o(i.UsageFault_Handler)
    Vz_to_Akm_Angle                          0x08004d7d   Thumb Code   156  usartx.o(i.Vz_to_Akm_Angle)
    XYZ_Target_Speed_transition              0x08004e29   Thumb Code    74  usartx.o(i.XYZ_Target_Speed_transition)
    __ARM_fpclassify                         0x08004e7d   Thumb Code    48  fpclassify.o(i.__ARM_fpclassify)
    __hardfp_atan                            0x08004eb1   Thumb Code   622  atan.o(i.__hardfp_atan)
    __hardfp_pow                             0x08005189   Thumb Code  3072  pow.o(i.__hardfp_pow)
    __hardfp_sqrt                            0x08005dd9   Thumb Code   122  sqrt.o(i.__hardfp_sqrt)
    __hardfp_tan                             0x08005e59   Thumb Code   108  tan.o(i.__hardfp_tan)
    __ieee754_rem_pio2                       0x08005ed9   Thumb Code   938  rred.o(i.__ieee754_rem_pio2)
    __kernel_poly                            0x08006311   Thumb Code   248  poly.o(i.__kernel_poly)
    __kernel_tan                             0x08006409   Thumb Code   764  tan_i.o(i.__kernel_tan)
    __mathlib_dbl_divzero                    0x08006759   Thumb Code    28  dunder.o(i.__mathlib_dbl_divzero)
    __mathlib_dbl_infnan                     0x08006789   Thumb Code    20  dunder.o(i.__mathlib_dbl_infnan)
    __mathlib_dbl_infnan2                    0x0800679d   Thumb Code    20  dunder.o(i.__mathlib_dbl_infnan2)
    __mathlib_dbl_invalid                    0x080067b1   Thumb Code    24  dunder.o(i.__mathlib_dbl_invalid)
    __mathlib_dbl_overflow                   0x080067d1   Thumb Code    24  dunder.o(i.__mathlib_dbl_overflow)
    __mathlib_dbl_underflow                  0x080067f1   Thumb Code    24  dunder.o(i.__mathlib_dbl_underflow)
    _sys_exit                                0x08006811   Thumb Code     2  usart.o(i._sys_exit)
    click_N_Double_MPU6050                   0x08006815   Thumb Code   132  key.o(i.click_N_Double_MPU6050)
    data_task                                0x080068a1   Thumb Code    38  usartx.o(i.data_task)
    data_transition                          0x080068c9   Thumb Code   586  usartx.o(i.data_transition)
    delay_init                               0x08006b65   Thumb Code    50  delay.o(i.delay_init)
    delay_ms                                 0x08006b9d   Thumb Code    52  delay.o(i.delay_ms)
    delay_us                                 0x08006bd5   Thumb Code    48  delay.o(i.delay_us)
    fabs                                     0x08006c09   Thumb Code    24  fabs.o(i.fabs)
    float_abs                                0x08006c21   Thumb Code    16  balance.o(i.float_abs)
    fputc                                    0x08006c31   Thumb Code    18  usart.o(i.fputc)
    getSysTickCnt                            0x08006c49   Thumb Code    24  delay.o(i.getSysTickCnt)
    led_task                                 0x08006c65   Thumb Code    22  led.o(i.led_task)
    main                                     0x08006c85   Thumb Code    34  main.o(i.main)
    oled_pow                                 0x08006cbd   Thumb Code    16  oled.o(i.oled_pow)
    oled_show                                0x08006ccd   Thumb Code  2044  show.o(i.oled_show)
    pstwo_task                               0x08007db5   Thumb Code    22  pstwo.o(i.pstwo_task)
    pvPortMalloc                             0x08007dcd   Thumb Code   214  heap_4.o(i.pvPortMalloc)
    pvTaskIncrementMutexHeldCount            0x08007ee1   Thumb Code    18  tasks.o(i.pvTaskIncrementMutexHeldCount)
    pxPortInitialiseStack                    0x08007ef9   Thumb Code    40  port.o(i.pxPortInitialiseStack)
    show_task                                0x08007f25   Thumb Code   258  show.o(i.show_task)
    sqrt                                     0x0800804d   Thumb Code   110  sqrt.o(i.sqrt)
    start_task                               0x080080bd   Thumb Code   132  main.o(i.start_task)
    systemInit                               0x080081ad   Thumb Code   186  system.o(i.systemInit)
    target_limit_float                       0x08008267   Thumb Code    32  balance.o(i.target_limit_float)
    target_limit_int                         0x08008287   Thumb Code    16  balance.o(i.target_limit_int)
    uart1_init                               0x08008299   Thumb Code   162  usartx.o(i.uart1_init)
    uart2_init                               0x08008345   Thumb Code   160  usartx.o(i.uart2_init)
    uart3_init                               0x080083ed   Thumb Code   168  usartx.o(i.uart3_init)
    uart5_init                               0x0800849d   Thumb Code   206  usartx.o(i.uart5_init)
    usart1_send                              0x08008579   Thumb Code    12  usartx.o(i.usart1_send)
    usart3_send                              0x08008589   Thumb Code    14  usartx.o(i.usart3_send)
    usart5_send                              0x0800859d   Thumb Code    12  usartx.o(i.usart5_send)
    uxListRemove                             0x080085ad   Thumb Code    36  list.o(i.uxListRemove)
    vListInitialise                          0x080085d1   Thumb Code    22  list.o(i.vListInitialise)
    vListInitialiseItem                      0x080085e7   Thumb Code     6  list.o(i.vListInitialiseItem)
    vListInsert                              0x080085ed   Thumb Code    48  list.o(i.vListInsert)
    vListInsertEnd                           0x0800861d   Thumb Code    24  list.o(i.vListInsertEnd)
    vPortEnterCritical                       0x08008635   Thumb Code    50  port.o(i.vPortEnterCritical)
    vPortExitCritical                        0x080086ad   Thumb Code    34  port.o(i.vPortExitCritical)
    vPortFree                                0x08008711   Thumb Code    94  heap_4.o(i.vPortFree)
    vPortSetupTimerInterrupt                 0x080087ad   Thumb Code    26  port.o(i.vPortSetupTimerInterrupt)
    vPortValidateInterruptPriority           0x080087cd   Thumb Code    70  port.o(i.vPortValidateInterruptPriority)
    vQueueAddToRegistry                      0x08008859   Thumb Code    32  queue.o(i.vQueueAddToRegistry)
    vQueueWaitForMessageRestricted           0x0800887d   Thumb Code    68  queue.o(i.vQueueWaitForMessageRestricted)
    vTaskDelay                               0x080088c1   Thumb Code    62  tasks.o(i.vTaskDelay)
    vTaskDelayUntil                          0x0800892d   Thumb Code   128  tasks.o(i.vTaskDelayUntil)
    vTaskDelete                              0x080089d9   Thumb Code   152  tasks.o(i.vTaskDelete)
    vTaskMissedYield                         0x08008aa5   Thumb Code     8  tasks.o(i.vTaskMissedYield)
    vTaskPlaceOnEventList                    0x08008ab1   Thumb Code    44  tasks.o(i.vTaskPlaceOnEventList)
    vTaskPlaceOnEventListRestricted          0x08008b05   Thumb Code    52  tasks.o(i.vTaskPlaceOnEventListRestricted)
    vTaskPriorityInherit                     0x08008b61   Thumb Code   124  tasks.o(i.vTaskPriorityInherit)
    vTaskSetTimeOutState                     0x08008be5   Thumb Code    30  tasks.o(i.vTaskSetTimeOutState)
    vTaskStartScheduler                      0x08008c2d   Thumb Code    96  tasks.o(i.vTaskStartScheduler)
    vTaskSuspendAll                          0x08008cc1   Thumb Code    10  tasks.o(i.vTaskSuspendAll)
    vTaskSwitchContext                       0x08008cd1   Thumb Code    80  tasks.o(i.vTaskSwitchContext)
    xPortStartScheduler                      0x08008d4d   Thumb Code   196  port.o(i.xPortStartScheduler)
    xPortSysTickHandler                      0x08008e61   Thumb Code    38  port.o(i.xPortSysTickHandler)
    xQueueGenericCreate                      0x08008e8d   Thumb Code    82  queue.o(i.xQueueGenericCreate)
    xQueueGenericReceive                     0x08008f05   Thumb Code   348  queue.o(i.xQueueGenericReceive)
    xQueueGenericReset                       0x08009089   Thumb Code   128  queue.o(i.xQueueGenericReset)
    xQueueGenericSend                        0x08009131   Thumb Code   350  queue.o(i.xQueueGenericSend)
    xQueueGenericSendFromISR                 0x080092b9   Thumb Code   188  queue.o(i.xQueueGenericSendFromISR)
    xTaskCheckForTimeOut                     0x08009399   Thumb Code    94  tasks.o(i.xTaskCheckForTimeOut)
    xTaskCreate                              0x08009421   Thumb Code    86  tasks.o(i.xTaskCreate)
    xTaskGetSchedulerState                   0x08009479   Thumb Code    22  tasks.o(i.xTaskGetSchedulerState)
    xTaskGetTickCount                        0x08009495   Thumb Code     6  tasks.o(i.xTaskGetTickCount)
    xTaskIncrementTick                       0x080094a1   Thumb Code   188  tasks.o(i.xTaskIncrementTick)
    xTaskPriorityDisinherit                  0x08009589   Thumb Code   136  tasks.o(i.xTaskPriorityDisinherit)
    xTaskRemoveFromEventList                 0x0800963d   Thumb Code   102  tasks.o(i.xTaskRemoveFromEventList)
    xTaskResumeAll                           0x080096d5   Thumb Code   180  tasks.o(i.xTaskResumeAll)
    xTimerCreate                             0x080097b9   Thumb Code    74  timers.o(i.xTimerCreate)
    xTimerCreateTimerTask                    0x0800982d   Thumb Code    58  timers.o(i.xTimerCreateTimerTask)
    xTimerGenericCommand                     0x080098a1   Thumb Code    98  timers.o(i.xTimerGenericCommand)
    __aeabi_dneg                             0x08009931   Thumb Code     0  basic.o(x$fpl$basic)
    _dneg                                    0x08009931   Thumb Code     6  basic.o(x$fpl$basic)
    __aeabi_fneg                             0x08009937   Thumb Code     0  basic.o(x$fpl$basic)
    _fneg                                    0x08009937   Thumb Code     6  basic.o(x$fpl$basic)
    _dabs                                    0x0800993d   Thumb Code     6  basic.o(x$fpl$basic)
    _fabs                                    0x08009943   Thumb Code     6  basic.o(x$fpl$basic)
    __aeabi_d2f                              0x08009949   Thumb Code     0  d2f.o(x$fpl$d2f)
    _d2f                                     0x08009949   Thumb Code    98  d2f.o(x$fpl$d2f)
    __aeabi_dadd                             0x080099ad   Thumb Code     0  daddsub_clz.o(x$fpl$dadd)
    _dadd                                    0x080099ad   Thumb Code   332  daddsub_clz.o(x$fpl$dadd)
    __fpl_dcheck_NaN1                        0x08009afd   Thumb Code    10  dcheck1.o(x$fpl$dcheck1)
    __fpl_dcmp_Inf                           0x08009b0d   Thumb Code    24  dcmpi.o(x$fpl$dcmpinf)
    __aeabi_ddiv                             0x08009b25   Thumb Code     0  ddiv.o(x$fpl$ddiv)
    _ddiv                                    0x08009b25   Thumb Code   552  ddiv.o(x$fpl$ddiv)
    __aeabi_d2iz                             0x08009dd5   Thumb Code     0  dfix.o(x$fpl$dfix)
    _dfix                                    0x08009dd5   Thumb Code    94  dfix.o(x$fpl$dfix)
    __aeabi_i2d                              0x08009e33   Thumb Code     0  dflt_clz.o(x$fpl$dflt)
    _dflt                                    0x08009e33   Thumb Code    46  dflt_clz.o(x$fpl$dflt)
    __aeabi_ui2d                             0x08009e61   Thumb Code     0  dflt_clz.o(x$fpl$dfltu)
    _dfltu                                   0x08009e61   Thumb Code    38  dflt_clz.o(x$fpl$dfltu)
    __aeabi_cdcmple                          0x08009e89   Thumb Code     0  dleqf.o(x$fpl$dleqf)
    _dcmple                                  0x08009e89   Thumb Code   120  dleqf.o(x$fpl$dleqf)
    __fpl_dcmple_InfNaN                      0x08009eeb   Thumb Code     0  dleqf.o(x$fpl$dleqf)
    __aeabi_dmul                             0x08009f01   Thumb Code     0  dmul.o(x$fpl$dmul)
    _dmul                                    0x08009f01   Thumb Code   332  dmul.o(x$fpl$dmul)
    __fpl_dnaninf                            0x0800a055   Thumb Code   156  dnaninf.o(x$fpl$dnaninf)
    __fpl_dretinf                            0x0800a0f1   Thumb Code    12  dretinf.o(x$fpl$dretinf)
    __aeabi_cdrcmple                         0x0800a0fd   Thumb Code     0  drleqf.o(x$fpl$drleqf)
    _drcmple                                 0x0800a0fd   Thumb Code   108  drleqf.o(x$fpl$drleqf)
    __aeabi_drsub                            0x0800a169   Thumb Code     0  daddsub_clz.o(x$fpl$drsb)
    _drsb                                    0x0800a169   Thumb Code    22  daddsub_clz.o(x$fpl$drsb)
    _dsqrt                                   0x0800a181   Thumb Code   404  dsqrt_umaal.o(x$fpl$dsqrt)
    __aeabi_dsub                             0x0800a319   Thumb Code     0  daddsub_clz.o(x$fpl$dsub)
    _dsub                                    0x0800a319   Thumb Code   464  daddsub_clz.o(x$fpl$dsub)
    __aeabi_f2d                              0x0800a4ed   Thumb Code     0  f2d.o(x$fpl$f2d)
    _f2d                                     0x0800a4ed   Thumb Code    86  f2d.o(x$fpl$f2d)
    __fpl_fnaninf                            0x0800a543   Thumb Code   140  fnaninf.o(x$fpl$fnaninf)
    _fp_init                                 0x0800a5cf   Thumb Code    10  fpinit.o(x$fpl$fpinit)
    __fplib_config_fpu_vfp                   0x0800a5d7   Thumb Code     0  fpinit.o(x$fpl$fpinit)
    __fplib_config_pureend_doubles           0x0800a5d7   Thumb Code     0  fpinit.o(x$fpl$fpinit)
    __fpl_fretinf                            0x0800a5d9   Thumb Code    10  fretinf.o(x$fpl$fretinf)
    __fpl_return_NaN                         0x0800a5e3   Thumb Code   100  retnan.o(x$fpl$retnan)
    __ARM_scalbn                             0x0800a647   Thumb Code    92  scalbn.o(x$fpl$scalbn)
    __fpl_cmpreturn                          0x0800a6a3   Thumb Code    48  trapv.o(x$fpl$trapveneer)
    __I$use$fp                               0x0800a6d2   Number         0  usenofp.o(x$fpl$usenofp)
    oled_asc2_1206                           0x0800a6d2   Data        1140  oled.o(.constdata)
    oled_asc2_1608                           0x0800ab46   Data        1520  oled.o(.constdata)
    Hzk16                                    0x0800b136   Data        2624  oled.o(.constdata)
    __mathlib_zero                           0x0800bc98   Data           8  qnan.o(.constdata)
    Region$$Table$$Base                      0x0800bdc8   Number         0  anon$$obj.o(Region$$Table)
    Region$$Table$$Limit                     0x0800bde8   Number         0  anon$$obj.o(Region$$Table)
    StartTask_Handler                        0x20000000   Data           4  main.o(.data)
    SystemCoreClock                          0x20000004   Data           4  system_stm32f4xx.o(.data)
    AHBPrescTable                            0x20000008   Data          16  system_stm32f4xx.o(.data)
    Voltage                                  0x20000018   Data           4  adc.o(.data)
    Voltage_All                              0x2000001c   Data           4  adc.o(.data)
    Led_Count                                0x20000034   Data           4  led.o(.data)
    Comd                                     0x2000003c   Data           2  pstwo.o(.data)
    Handkey                                  0x2000003e   Data           2  pstwo.o(.data)
    MASK                                     0x20000044   Data          32  pstwo.o(.data)
    TIM8CH1_CAPTURE_STA                      0x20000064   Data           1  timer.o(.data)
    TIM8CH2_CAPTURE_STA                      0x20000065   Data           1  timer.o(.data)
    TIM8CH3_CAPTURE_STA                      0x20000066   Data           1  timer.o(.data)
    TIM8CH4_CAPTURE_STA                      0x20000067   Data           1  timer.o(.data)
    TIM8CH1_CAPTURE_UPVAL                    0x20000068   Data           2  timer.o(.data)
    TIM8CH1_CAPTURE_DOWNVAL                  0x2000006a   Data           2  timer.o(.data)
    TIM8CH2_CAPTURE_UPVAL                    0x2000006c   Data           2  timer.o(.data)
    TIM8CH2_CAPTURE_DOWNVAL                  0x2000006e   Data           2  timer.o(.data)
    TIM8CH3_CAPTURE_UPVAL                    0x20000070   Data           2  timer.o(.data)
    TIM8CH3_CAPTURE_DOWNVAL                  0x20000072   Data           2  timer.o(.data)
    TIM8CH4_CAPTURE_UPVAL                    0x20000074   Data           2  timer.o(.data)
    TIM8CH4_CAPTURE_DOWNVAL                  0x20000076   Data           2  timer.o(.data)
    Remoter_Ch1                              0x20000078   Data           4  timer.o(.data)
    Remoter_Ch2                              0x2000007c   Data           4  timer.o(.data)
    Remoter_Ch3                              0x20000080   Data           4  timer.o(.data)
    Remoter_Ch4                              0x20000084   Data           4  timer.o(.data)
    L_Remoter_Ch1                            0x20000088   Data           4  timer.o(.data)
    L_Remoter_Ch2                            0x2000008c   Data           4  timer.o(.data)
    L_Remoter_Ch3                            0x20000090   Data           4  timer.o(.data)
    L_Remoter_Ch4                            0x20000094   Data           4  timer.o(.data)
    TIM8_T1                                  0x20000098   Data           4  timer.o(.data)
    TIM8_T2                                  0x2000009c   Data           4  timer.o(.data)
    TIM8_T3                                  0x200000a0   Data           4  timer.o(.data)
    TIM8_T4                                  0x200000a4   Data           4  timer.o(.data)
    __stdout                                 0x200000bc   Data           4  usart.o(.data)
    pxCurrentTCB                             0x200000d0   Data           4  tasks.o(.data)
    Flag_Stop                                0x20000144   Data           1  system.o(.data)
    Car_Mode                                 0x20000145   Data           1  system.o(.data)
    RC_Velocity                              0x20000148   Data           4  system.o(.data)
    Velocity_KP                              0x2000014c   Data           4  system.o(.data)
    Velocity_KI                              0x20000150   Data           4  system.o(.data)
    PS2_ON_Flag                              0x20000154   Data           1  system.o(.data)
    APP_ON_Flag                              0x20000155   Data           1  system.o(.data)
    Remote_ON_Flag                           0x20000156   Data           1  system.o(.data)
    CAN_ON_Flag                              0x20000157   Data           1  system.o(.data)
    Flag_Direction                           0x20000158   Data           1  system.o(.data)
    Check                                    0x2000015c   Data           4  system.o(.data)
    CheckPhrase1                             0x20000160   Data           4  system.o(.data)
    CheckPhrase2                             0x20000164   Data           4  system.o(.data)
    Divisor_Mode                             0x20000168   Data           4  system.o(.data)
    Servo                                    0x2000016c   Data           4  system.o(.data)
    Move_X                                   0x20000170   Data           4  system.o(.data)
    Move_Y                                   0x20000174   Data           4  system.o(.data)
    Move_Z                                   0x20000178   Data           4  system.o(.data)
    Encoder_precision                        0x2000017c   Data           4  system.o(.data)
    Wheel_perimeter                          0x20000180   Data           4  system.o(.data)
    Wheel_spacing                            0x20000184   Data           4  system.o(.data)
    Axle_spacing                             0x20000188   Data           4  system.o(.data)
    Omni_turn_radiaus                        0x2000018c   Data           4  system.o(.data)
    Usart1_ON_Flag                           0x20000190   Data           1  system.o(.data)
    Usart5_ON_Flag                           0x20000191   Data           1  system.o(.data)
    Flag_Left                                0x20000192   Data           1  system.o(.data)
    Flag_Right                               0x20000193   Data           1  system.o(.data)
    Turn_Flag                                0x20000194   Data           1  system.o(.data)
    PID_Send                                 0x20000195   Data           1  system.o(.data)
    PS2_LX                                   0x20000198   Data           4  system.o(.data)
    PS2_LY                                   0x2000019c   Data           4  system.o(.data)
    PS2_RX                                   0x200001a0   Data           4  system.o(.data)
    PS2_RY                                   0x200001a4   Data           4  system.o(.data)
    PS2_KEY                                  0x200001a8   Data           4  system.o(.data)
    Time_count                               0x200001b0   Data           4  balance.o(.data)
    robot_mode_check_flag                    0x200001b4   Data           4  balance.o(.data)
    command_lost_count                       0x200001e8   Data           1  balance.o(.data)
    Buzzer_count                             0x200001f0   Data           4  show.o(.data)
    Voltage_Show                             0x20000200   Data           4  show.o(.data)
    Deviation_Count                          0x20000204   Data           4  mpu6050.o(.data)
    gyro                                     0x20000208   Data           6  mpu6050.o(.data)
    accel                                    0x2000020e   Data           6  mpu6050.o(.data)
    Deviation_gyro                           0x20000214   Data           6  mpu6050.o(.data)
    Original_gyro                            0x2000021a   Data           6  mpu6050.o(.data)
    Deviation_accel                          0x20000220   Data           6  mpu6050.o(.data)
    Original_accel                           0x20000226   Data           6  mpu6050.o(.data)
    OLED_GRAM                                0x2000022c   Data        1024  oled.o(.bss)
    Data                                     0x2000062c   Data           9  pstwo.o(.bss)
    Send_Data                                0x20000676   Data          48  usartx.o(.bss)
    Receive_Data                             0x200006a8   Data          32  usartx.o(.bss)
    xQueueRegistry                           0x200006c8   Data          64  queue.o(.bss)
    smooth_control                           0x20005a14   Data          12  system.o(.bss)
    MOTOR_A                                  0x20005a20   Data          20  system.o(.bss)
    MOTOR_B                                  0x20005a34   Data          20  system.o(.bss)
    MOTOR_C                                  0x20005a48   Data          20  system.o(.bss)
    MOTOR_D                                  0x20005a5c   Data          20  system.o(.bss)
    OriginalEncoder                          0x20005a70   Data          16  balance.o(.bss)
    Robot_Parament                           0x20005a80   Data          24  robot_select_init.o(.bss)
    __libspace_start                         0x20005a98   Data          96  libspace.o(.bss)
    __temporary_stack_top$libspace           0x20005af8   Data           0  libspace.o(.bss)



==============================================================================

Memory Map of the image

  Image Entry point : 0x08000189

  Load Region LR_IROM1 (Base: 0x08000000, Size: 0x0000c014, Max: 0x00100000, ABSOLUTE, COMPRESSED[0x0000be44])

    Execution Region ER_IROM1 (Exec base: 0x08000000, Load base: 0x08000000, Size: 0x0000bde8, Max: 0x00100000, ABSOLUTE)

    Exec Addr    Load Addr    Size         Type   Attr      Idx    E Section Name        Object

    0x08000000   0x08000000   0x00000188   Data   RO         1273    RESET               startup_stm32f40_41xxx.o
    0x08000188   0x08000188   0x00000008   Code   RO         4673  * !!!main             c_w.l(__main.o)
    0x08000190   0x08000190   0x00000034   Code   RO         4999    !!!scatter          c_w.l(__scatter.o)
    0x080001c4   0x080001c4   0x0000005a   Code   RO         4997    !!dczerorl2         c_w.l(__dczerorl2.o)
    0x0800021e   0x0800021e   0x00000002   PAD
    0x08000220   0x08000220   0x0000001c   Code   RO         5001    !!handler_zi        c_w.l(__scatter_zi.o)
    0x0800023c   0x0800023c   0x00000000   Code   RO         4660    .ARM.Collect$$_printf_percent$$00000000  c_w.l(_printf_percent.o)
    0x0800023c   0x0800023c   0x00000006   Code   RO         4658    .ARM.Collect$$_printf_percent$$00000009  c_w.l(_printf_d.o)
    0x08000242   0x08000242   0x00000006   Code   RO         4657    .ARM.Collect$$_printf_percent$$00000014  c_w.l(_printf_s.o)
    0x08000248   0x08000248   0x00000004   Code   RO         4768    .ARM.Collect$$_printf_percent$$00000017  c_w.l(_printf_percent_end.o)
    0x0800024c   0x0800024c   0x00000002   Code   RO         4870    .ARM.Collect$$libinit$$00000000  c_w.l(libinit.o)
    0x0800024e   0x0800024e   0x00000004   Code   RO         4875    .ARM.Collect$$libinit$$00000001  c_w.l(libinit2.o)
    0x08000252   0x08000252   0x00000000   Code   RO         4878    .ARM.Collect$$libinit$$00000004  c_w.l(libinit2.o)
    0x08000252   0x08000252   0x00000000   Code   RO         4881    .ARM.Collect$$libinit$$0000000A  c_w.l(libinit2.o)
    0x08000252   0x08000252   0x00000000   Code   RO         4883    .ARM.Collect$$libinit$$0000000C  c_w.l(libinit2.o)
    0x08000252   0x08000252   0x00000000   Code   RO         4885    .ARM.Collect$$libinit$$0000000E  c_w.l(libinit2.o)
    0x08000252   0x08000252   0x00000000   Code   RO         4888    .ARM.Collect$$libinit$$00000011  c_w.l(libinit2.o)
    0x08000252   0x08000252   0x00000000   Code   RO         4890    .ARM.Collect$$libinit$$00000013  c_w.l(libinit2.o)
    0x08000252   0x08000252   0x00000000   Code   RO         4892    .ARM.Collect$$libinit$$00000015  c_w.l(libinit2.o)
    0x08000252   0x08000252   0x00000000   Code   RO         4894    .ARM.Collect$$libinit$$00000017  c_w.l(libinit2.o)
    0x08000252   0x08000252   0x00000000   Code   RO         4896    .ARM.Collect$$libinit$$00000019  c_w.l(libinit2.o)
    0x08000252   0x08000252   0x00000000   Code   RO         4898    .ARM.Collect$$libinit$$0000001B  c_w.l(libinit2.o)
    0x08000252   0x08000252   0x00000000   Code   RO         4900    .ARM.Collect$$libinit$$0000001D  c_w.l(libinit2.o)
    0x08000252   0x08000252   0x00000000   Code   RO         4902    .ARM.Collect$$libinit$$0000001F  c_w.l(libinit2.o)
    0x08000252   0x08000252   0x00000000   Code   RO         4904    .ARM.Collect$$libinit$$00000021  c_w.l(libinit2.o)
    0x08000252   0x08000252   0x00000000   Code   RO         4906    .ARM.Collect$$libinit$$00000023  c_w.l(libinit2.o)
    0x08000252   0x08000252   0x00000000   Code   RO         4908    .ARM.Collect$$libinit$$00000025  c_w.l(libinit2.o)
    0x08000252   0x08000252   0x00000000   Code   RO         4912    .ARM.Collect$$libinit$$0000002C  c_w.l(libinit2.o)
    0x08000252   0x08000252   0x00000000   Code   RO         4914    .ARM.Collect$$libinit$$0000002E  c_w.l(libinit2.o)
    0x08000252   0x08000252   0x00000000   Code   RO         4916    .ARM.Collect$$libinit$$00000030  c_w.l(libinit2.o)
    0x08000252   0x08000252   0x00000000   Code   RO         4918    .ARM.Collect$$libinit$$00000032  c_w.l(libinit2.o)
    0x08000252   0x08000252   0x00000002   Code   RO         4919    .ARM.Collect$$libinit$$00000033  c_w.l(libinit2.o)
    0x08000254   0x08000254   0x00000002   Code   RO         4939    .ARM.Collect$$libshutdown$$00000000  c_w.l(libshutdown.o)
    0x08000256   0x08000256   0x00000000   Code   RO         4949    .ARM.Collect$$libshutdown$$00000002  c_w.l(libshutdown2.o)
    0x08000256   0x08000256   0x00000000   Code   RO         4951    .ARM.Collect$$libshutdown$$00000004  c_w.l(libshutdown2.o)
    0x08000256   0x08000256   0x00000000   Code   RO         4954    .ARM.Collect$$libshutdown$$00000007  c_w.l(libshutdown2.o)
    0x08000256   0x08000256   0x00000000   Code   RO         4957    .ARM.Collect$$libshutdown$$0000000A  c_w.l(libshutdown2.o)
    0x08000256   0x08000256   0x00000000   Code   RO         4959    .ARM.Collect$$libshutdown$$0000000C  c_w.l(libshutdown2.o)
    0x08000256   0x08000256   0x00000000   Code   RO         4962    .ARM.Collect$$libshutdown$$0000000F  c_w.l(libshutdown2.o)
    0x08000256   0x08000256   0x00000002   Code   RO         4963    .ARM.Collect$$libshutdown$$00000010  c_w.l(libshutdown2.o)
    0x08000258   0x08000258   0x00000000   Code   RO         4755    .ARM.Collect$$rtentry$$00000000  c_w.l(__rtentry.o)
    0x08000258   0x08000258   0x00000000   Code   RO         4829    .ARM.Collect$$rtentry$$00000002  c_w.l(__rtentry2.o)
    0x08000258   0x08000258   0x00000006   Code   RO         4841    .ARM.Collect$$rtentry$$00000004  c_w.l(__rtentry4.o)
    0x0800025e   0x0800025e   0x00000000   Code   RO         4831    .ARM.Collect$$rtentry$$00000009  c_w.l(__rtentry2.o)
    0x0800025e   0x0800025e   0x00000004   Code   RO         4832    .ARM.Collect$$rtentry$$0000000A  c_w.l(__rtentry2.o)
    0x08000262   0x08000262   0x00000000   Code   RO         4834    .ARM.Collect$$rtentry$$0000000C  c_w.l(__rtentry2.o)
    0x08000262   0x08000262   0x00000008   Code   RO         4835    .ARM.Collect$$rtentry$$0000000D  c_w.l(__rtentry2.o)
    0x0800026a   0x0800026a   0x00000002   Code   RO         4873    .ARM.Collect$$rtexit$$00000000  c_w.l(rtexit.o)
    0x0800026c   0x0800026c   0x00000000   Code   RO         4923    .ARM.Collect$$rtexit$$00000002  c_w.l(rtexit2.o)
    0x0800026c   0x0800026c   0x00000004   Code   RO         4924    .ARM.Collect$$rtexit$$00000003  c_w.l(rtexit2.o)
    0x08000270   0x08000270   0x00000006   Code   RO         4925    .ARM.Collect$$rtexit$$00000004  c_w.l(rtexit2.o)
    0x08000276   0x08000276   0x00000002   PAD
    0x08000278   0x08000278   0x000000b6   Code   RO         3975    .emb_text           port.o
    0x0800032e   0x0800032e   0x00000002   PAD
    0x08000330   0x08000330   0x00000040   Code   RO         1274    .text               startup_stm32f40_41xxx.o
    0x08000370   0x08000370   0x00000002   Code   RO         4620    .text               c_w.l(use_no_semi_2.o)
    0x08000372   0x08000372   0x00000002   PAD
    0x08000374   0x08000374   0x00000018   Code   RO         4626    .text               c_w.l(noretval__2printf.o)
    0x0800038c   0x0800038c   0x00000068   Code   RO         4630    .text               c_w.l(__printf.o)
    0x080003f4   0x080003f4   0x00000052   Code   RO         4632    .text               c_w.l(_printf_str.o)
    0x08000446   0x08000446   0x00000002   PAD
    0x08000448   0x08000448   0x00000078   Code   RO         4634    .text               c_w.l(_printf_dec.o)
    0x080004c0   0x080004c0   0x0000008a   Code   RO         4665    .text               c_w.l(rt_memcpy_v6.o)
    0x0800054a   0x0800054a   0x00000010   Code   RO         4667    .text               c_w.l(aeabi_memset.o)
    0x0800055a   0x0800055a   0x00000044   Code   RO         4669    .text               c_w.l(rt_memclr.o)
    0x0800059e   0x0800059e   0x00000006   Code   RO         4671    .text               c_w.l(heapauxi.o)
    0x080005a4   0x080005a4   0x00000002   Code   RO         4753    .text               c_w.l(use_no_semi.o)
    0x080005a6   0x080005a6   0x00000016   Code   RO         4756    .text               c_w.l(_rserrno.o)
    0x080005bc   0x080005bc   0x000000b2   Code   RO         4758    .text               c_w.l(_printf_intcommon.o)
    0x0800066e   0x0800066e   0x00000002   PAD
    0x08000670   0x08000670   0x00000030   Code   RO         4760    .text               c_w.l(_printf_char_common.o)
    0x080006a0   0x080006a0   0x0000002c   Code   RO         4764    .text               c_w.l(_printf_char.o)
    0x080006cc   0x080006cc   0x00000024   Code   RO         4766    .text               c_w.l(_printf_char_file.o)
    0x080006f0   0x080006f0   0x00000064   Code   RO         4769    .text               c_w.l(rt_memcpy_w.o)
    0x08000754   0x08000754   0x0000004e   Code   RO         4771    .text               c_w.l(rt_memclr_w.o)
    0x080007a2   0x080007a2   0x00000002   PAD
    0x080007a4   0x080007a4   0x00000008   Code   RO         4846    .text               c_w.l(rt_errno_addr_intlibspace.o)
    0x080007ac   0x080007ac   0x00000008   Code   RO         4850    .text               c_w.l(ferror.o)
    0x080007b4   0x080007b4   0x00000008   Code   RO         4858    .text               c_w.l(libspace.o)
    0x080007bc   0x080007bc   0x0000004a   Code   RO         4861    .text               c_w.l(sys_stackheap_outer.o)
    0x08000806   0x08000806   0x00000012   Code   RO         4863    .text               c_w.l(exit.o)
    0x08000818   0x08000818   0x00000014   Code   RO         2006    i.ADC_Cmd           stm32f4xx_adc.o
    0x0800082c   0x0800082c   0x0000002c   Code   RO         2007    i.ADC_CommonInit    stm32f4xx_adc.o
    0x08000858   0x08000858   0x00000006   Code   RO         2018    i.ADC_GetConversionValue  stm32f4xx_adc.o
    0x0800085e   0x0800085e   0x0000000e   Code   RO         2019    i.ADC_GetFlagStatus  stm32f4xx_adc.o
    0x0800086c   0x0800086c   0x0000004c   Code   RO         2026    i.ADC_Init          stm32f4xx_adc.o
    0x080008b8   0x080008b8   0x00000074   Code   RO         2031    i.ADC_RegularChannelConfig  stm32f4xx_adc.o
    0x0800092c   0x0800092c   0x0000000a   Code   RO         2033    i.ADC_SoftwareStartConv  stm32f4xx_adc.o
    0x08000936   0x08000936   0x00000002   PAD
    0x08000938   0x08000938   0x00000138   Code   RO         4355    i.APP_Show          show.o
    0x08000a70   0x08000a70   0x00000080   Code   RO          382    i.Adc_Init          adc.o
    0x08000af0   0x08000af0   0x00000080   Code   RO          383    i.Adc_POWER_Init    adc.o
    0x08000b70   0x08000b70   0x000001f8   Code   RO         4185    i.Balance_task      balance.o
    0x08000d68   0x08000d68   0x00000002   Code   RO          266    i.BusFault_Handler  stm32f4xx_it.o
    0x08000d6a   0x08000d6a   0x00000002   PAD
    0x08000d6c   0x08000d6c   0x00000034   Code   RO          640    i.Buzzer_Init       led.o
    0x08000da0   0x08000da0   0x00000198   Code   RO          441    i.CAN1_Mode_Init    can.o
    0x08000f38   0x08000f38   0x000000f8   Code   RO          443    i.CAN1_RX0_IRQHandler  can.o
    0x08001030   0x08001030   0x00000094   Code   RO          445    i.CAN1_Rx_Msg       can.o
    0x080010c4   0x080010c4   0x00000036   Code   RO          448    i.CAN1_Send_Num     can.o
    0x080010fa   0x080010fa   0x00000002   PAD
    0x080010fc   0x080010fc   0x000000ac   Code   RO          449    i.CAN1_Tx_Msg       can.o
    0x080011a8   0x080011a8   0x00000064   Code   RO          450    i.CAN1_Tx_Staus     can.o
    0x0800120c   0x0800120c   0x00000010   Code   RO         2254    i.CAN_ITConfig      stm32f4xx_can.o
    0x0800121c   0x0800121c   0x00000058   Code   RO          997    i.CAN_SEND          usartx.o
    0x08001274   0x08001274   0x00000038   Code   RO          998    i.Check_Sum         usartx.o
    0x080012ac   0x080012ac   0x00000002   Code   RO          267    i.DebugMon_Handler  stm32f4xx_it.o
    0x080012ae   0x080012ae   0x00000002   PAD
    0x080012b0   0x080012b0   0x000004b6   Code   RO         4186    i.Drive_Motor       balance.o
    0x08001766   0x08001766   0x00000002   PAD
    0x08001768   0x08001768   0x00000030   Code   RO          684    i.Enable_Pin        motor.o
    0x08001798   0x08001798   0x000000dc   Code   RO          515    i.Encoder_Init_TIM2  encoder.o
    0x08001874   0x08001874   0x000000bc   Code   RO          516    i.Encoder_Init_TIM3  encoder.o
    0x08001930   0x08001930   0x000000bc   Code   RO          517    i.Encoder_Init_TIM4  encoder.o
    0x080019ec   0x080019ec   0x000000bc   Code   RO          518    i.Encoder_Init_TIM5  encoder.o
    0x08001aa8   0x08001aa8   0x00000078   Code   RO         1325    i.GPIO_Init         stm32f4xx_gpio.o
    0x08001b20   0x08001b20   0x00000020   Code   RO         1326    i.GPIO_PinAFConfig  stm32f4xx_gpio.o
    0x08001b40   0x08001b40   0x00000004   Code   RO         1333    i.GPIO_SetBits      stm32f4xx_gpio.o
    0x08001b44   0x08001b44   0x00000030   Code   RO          384    i.Get_Adc           adc.o
    0x08001b74   0x08001b74   0x00000030   Code   RO          385    i.Get_Adc2          adc.o
    0x08001ba4   0x08001ba4   0x000001c8   Code   RO         4187    i.Get_RC            balance.o
    0x08001d6c   0x08001d6c   0x00000118   Code   RO         4188    i.Get_Velocity_Form_Encoder  balance.o
    0x08001e84   0x08001e84   0x0000002e   Code   RO          386    i.Get_adc_Average   adc.o
    0x08001eb2   0x08001eb2   0x00000002   PAD
    0x08001eb4   0x08001eb4   0x00000068   Code   RO          387    i.Get_battery_volt  adc.o
    0x08001f1c   0x08001f1c   0x00000002   Code   RO          268    i.HardFault_Handler  stm32f4xx_it.o
    0x08001f1e   0x08001f1e   0x00000002   PAD
    0x08001f20   0x08001f20   0x00000040   Code   RO         4518    i.I2C_Ack           i2c.o
    0x08001f60   0x08001f60   0x00000044   Code   RO         4519    i.I2C_GPIOInit      i2c.o
    0x08001fa4   0x08001fa4   0x00000040   Code   RO         4520    i.I2C_NAck          i2c.o
    0x08001fe4   0x08001fe4   0x00000070   Code   RO         4522    i.I2C_ReadByte      i2c.o
    0x08002054   0x08002054   0x0000003e   Code   RO         4523    i.I2C_ReadOneByte   i2c.o
    0x08002092   0x08002092   0x00000002   PAD
    0x08002094   0x08002094   0x00000050   Code   RO         4524    i.I2C_Start         i2c.o
    0x080020e4   0x080020e4   0x00000040   Code   RO         4525    i.I2C_Stop          i2c.o
    0x08002124   0x08002124   0x00000054   Code   RO         4526    i.I2C_WaiteForAck   i2c.o
    0x08002178   0x08002178   0x0000004a   Code   RO         4527    i.I2C_WriteBits     i2c.o
    0x080021c2   0x080021c2   0x00000002   PAD
    0x080021c4   0x080021c4   0x00000060   Code   RO         4529    i.I2C_WriteByte     i2c.o
    0x08002224   0x08002224   0x00000032   Code   RO         4531    i.I2C_WriteOneByte  i2c.o
    0x08002256   0x08002256   0x00000002   PAD
    0x08002258   0x08002258   0x0000007c   Code   RO         4189    i.Incremental_PI_A  balance.o
    0x080022d4   0x080022d4   0x0000007c   Code   RO         4190    i.Incremental_PI_B  balance.o
    0x08002350   0x08002350   0x0000007c   Code   RO         4191    i.Incremental_PI_C  balance.o
    0x080023cc   0x080023cc   0x0000007c   Code   RO         4192    i.Incremental_PI_D  balance.o
    0x08002448   0x08002448   0x0000002c   Code   RO          590    i.KEY_Init          key.o
    0x08002474   0x08002474   0x00000038   Code   RO         4193    i.Key               balance.o
    0x080024ac   0x080024ac   0x00000040   Code   RO          641    i.LED_Init          led.o
    0x080024ec   0x080024ec   0x00000090   Code   RO         4194    i.Limit_Pwm         balance.o
    0x0800257c   0x0800257c   0x00000032   Code   RO         4393    i.MPU6050_Set_LPF   mpu6050.o
    0x080025ae   0x080025ae   0x00000030   Code   RO         4394    i.MPU6050_Set_Rate  mpu6050.o
    0x080025de   0x080025de   0x00000084   Code   RO         4396    i.MPU6050_initialize  mpu6050.o
    0x08002662   0x08002662   0x00000012   Code   RO         4399    i.MPU6050_setFullScaleAccelRange  mpu6050.o
    0x08002674   0x08002674   0x00000012   Code   RO         4400    i.MPU6050_setFullScaleGyroRange  mpu6050.o
    0x08002686   0x08002686   0x00000002   PAD
    0x08002688   0x08002688   0x00000040   Code   RO         4404    i.MPU6050_task      mpu6050.o
    0x080026c8   0x080026c8   0x00000088   Code   RO         4406    i.MPU_Get_Accelscope  mpu6050.o
    0x08002750   0x08002750   0x000000a4   Code   RO         4407    i.MPU_Get_Gyroscope  mpu6050.o
    0x080027f4   0x080027f4   0x00000002   Code   RO          269    i.MemManage_Handler  stm32f4xx_it.o
    0x080027f6   0x080027f6   0x00000002   Code   RO          270    i.NMI_Handler       stm32f4xx_it.o
    0x080027f8   0x080027f8   0x00000064   Code   RO         1280    i.NVIC_Init         misc.o
    0x0800285c   0x0800285c   0x00000014   Code   RO         1281    i.NVIC_PriorityGroupConfig  misc.o
    0x08002870   0x08002870   0x0000002c   Code   RO          728    i.OLED_Clear        oled.o
    0x0800289c   0x0800289c   0x0000003c   Code   RO          731    i.OLED_DrawPoint    oled.o
    0x080028d8   0x080028d8   0x00000130   Code   RO          732    i.OLED_Init         oled.o
    0x08002a08   0x08002a08   0x00000048   Code   RO          733    i.OLED_Refresh_Gram  oled.o
    0x08002a50   0x08002a50   0x00000084   Code   RO          736    i.OLED_ShowChar     oled.o
    0x08002ad4   0x08002ad4   0x00000078   Code   RO          737    i.OLED_ShowNumber   oled.o
    0x08002b4c   0x08002b4c   0x0000003e   Code   RO          738    i.OLED_ShowString   oled.o
    0x08002b8a   0x08002b8a   0x00000002   PAD
    0x08002b8c   0x08002b8c   0x00000044   Code   RO          739    i.OLED_WR_Byte      oled.o
    0x08002bd0   0x08002bd0   0x00000018   Code   RO          826    i.PS2_ClearData     pstwo.o
    0x08002be8   0x08002be8   0x00000084   Code   RO          827    i.PS2_Cmd           pstwo.o
    0x08002c6c   0x08002c6c   0x00000040   Code   RO          828    i.PS2_DataKey       pstwo.o
    0x08002cac   0x08002cac   0x0000005c   Code   RO          829    i.PS2_EnterConfing  pstwo.o
    0x08002d08   0x08002d08   0x0000005c   Code   RO          830    i.PS2_ExitConfing   pstwo.o
    0x08002d64   0x08002d64   0x00000054   Code   RO          831    i.PS2_Init          pstwo.o
    0x08002db8   0x08002db8   0x000000e4   Code   RO          832    i.PS2_Read          pstwo.o
    0x08002e9c   0x08002e9c   0x000000a8   Code   RO          833    i.PS2_ReadData      pstwo.o
    0x08002f44   0x08002f44   0x0000001e   Code   RO          836    i.PS2_SetInit       pstwo.o
    0x08002f62   0x08002f62   0x00000002   PAD
    0x08002f64   0x08002f64   0x00000044   Code   RO          837    i.PS2_ShortPoll     pstwo.o
    0x08002fa8   0x08002fa8   0x00000058   Code   RO          838    i.PS2_TurnOnAnalogMode  pstwo.o
    0x08003000   0x08003000   0x0000019c   Code   RO         4195    i.PS2_control       balance.o
    0x0800319c   0x0800319c   0x0000000c   Code   RO         2952    i.PWR_BackupAccessCmd  stm32f4xx_pwr.o
    0x080031a8   0x080031a8   0x00000018   Code   RO         1422    i.RCC_AHB1PeriphClockCmd  stm32f4xx_rcc.o
    0x080031c0   0x080031c0   0x00000018   Code   RO         1431    i.RCC_APB1PeriphClockCmd  stm32f4xx_rcc.o
    0x080031d8   0x080031d8   0x00000018   Code   RO         1434    i.RCC_APB2PeriphClockCmd  stm32f4xx_rcc.o
    0x080031f0   0x080031f0   0x00000018   Code   RO         1436    i.RCC_APB2PeriphResetCmd  stm32f4xx_rcc.o
    0x08003208   0x08003208   0x00000090   Code   RO         1443    i.RCC_GetClocksFreq  stm32f4xx_rcc.o
    0x08003298   0x08003298   0x0000001c   Code   RO         1452    i.RCC_LSEConfig     stm32f4xx_rcc.o
    0x080032b4   0x080032b4   0x00000040   Code   RO          519    i.Read_Encoder      encoder.o
    0x080032f4   0x080032f4   0x000001c8   Code   RO         4196    i.Remote_Control    balance.o
    0x080034bc   0x080034bc   0x00000098   Code   RO         4326    i.Robot_Init        robot_select_init.o
    0x08003554   0x08003554   0x00000150   Code   RO         4327    i.Robot_Select      robot_select_init.o
    0x080036a4   0x080036a4   0x000000b4   Code   RO          345    i.SetSysClock       system_stm32f4xx.o
    0x08003758   0x08003758   0x00000074   Code   RO         4197    i.Set_Pwm           balance.o
    0x080037cc   0x080037cc   0x00000140   Code   RO         4198    i.Smooth_control    balance.o
    0x0800390c   0x0800390c   0x00000018   Code   RO         1284    i.SysTick_CLKSourceConfig  misc.o
    0x08003924   0x08003924   0x00000014   Code   RO         1152    i.SysTick_Handler   delay.o
    0x08003938   0x08003938   0x0000005c   Code   RO          347    i.SystemInit        system_stm32f4xx.o
    0x08003994   0x08003994   0x0000002e   Code   RO         2405    i.TI1_Config        stm32f4xx_tim.o
    0x080039c2   0x080039c2   0x00000036   Code   RO         2406    i.TI2_Config        stm32f4xx_tim.o
    0x080039f8   0x080039f8   0x000000a0   Code   RO          685    i.TIM10_PWM_Init    motor.o
    0x08003a98   0x08003a98   0x000000a8   Code   RO          686    i.TIM11_PWM_Init    motor.o
    0x08003b40   0x08003b40   0x000000d0   Code   RO          947    i.TIM12_SERVO_Init  timer.o
    0x08003c10   0x08003c10   0x000000f8   Code   RO          687    i.TIM1_PWM_Init     motor.o
    0x08003d08   0x08003d08   0x00000010   Code   RO          520    i.TIM2_IRQHandler   encoder.o
    0x08003d18   0x08003d18   0x00000014   Code   RO          521    i.TIM3_IRQHandler   encoder.o
    0x08003d2c   0x08003d2c   0x00000014   Code   RO          522    i.TIM4_IRQHandler   encoder.o
    0x08003d40   0x08003d40   0x00000014   Code   RO          523    i.TIM5_IRQHandler   encoder.o
    0x08003d54   0x08003d54   0x00000014   Code   RO          524    i.TIM8_BRK_TIM12_IRQHandler  encoder.o
    0x08003d68   0x08003d68   0x00000264   Code   RO          948    i.TIM8_CC_IRQHandler  timer.o
    0x08003fcc   0x08003fcc   0x0000013c   Code   RO          949    i.TIM8_Cap_Init     timer.o
    0x08004108   0x08004108   0x00000010   Code   RO          951    i.TIM8_UP_TIM13_IRQHandler  timer.o
    0x08004118   0x08004118   0x000000b8   Code   RO          688    i.TIM9_PWM_Init     motor.o
    0x080041d0   0x080041d0   0x00000014   Code   RO         2407    i.TIM_ARRPreloadConfig  stm32f4xx_tim.o
    0x080041e4   0x080041e4   0x00000006   Code   RO         2413    i.TIM_ClearFlag     stm32f4xx_tim.o
    0x080041ea   0x080041ea   0x00000006   Code   RO         2414    i.TIM_ClearITPendingBit  stm32f4xx_tim.o
    0x080041f0   0x080041f0   0x00000014   Code   RO         2419    i.TIM_Cmd           stm32f4xx_tim.o
    0x08004204   0x08004204   0x00000016   Code   RO         2421    i.TIM_CtrlPWMOutputs  stm32f4xx_tim.o
    0x0800421a   0x0800421a   0x00000032   Code   RO         2428    i.TIM_EncoderInterfaceConfig  stm32f4xx_tim.o
    0x0800424c   0x0800424c   0x00000004   Code   RO         2434    i.TIM_GetCapture1   stm32f4xx_tim.o
    0x08004250   0x08004250   0x00000004   Code   RO         2435    i.TIM_GetCapture2   stm32f4xx_tim.o
    0x08004254   0x08004254   0x00000004   Code   RO         2436    i.TIM_GetCapture3   stm32f4xx_tim.o
    0x08004258   0x08004258   0x00000004   Code   RO         2437    i.TIM_GetCapture4   stm32f4xx_tim.o
    0x0800425c   0x0800425c   0x00000018   Code   RO         2440    i.TIM_GetITStatus   stm32f4xx_tim.o
    0x08004274   0x08004274   0x000000ac   Code   RO         2442    i.TIM_ICInit        stm32f4xx_tim.o
    0x08004320   0x08004320   0x00000010   Code   RO         2443    i.TIM_ICStructInit  stm32f4xx_tim.o
    0x08004330   0x08004330   0x00000010   Code   RO         2444    i.TIM_ITConfig      stm32f4xx_tim.o
    0x08004340   0x08004340   0x00000060   Code   RO         2448    i.TIM_OC1Init       stm32f4xx_tim.o
    0x080043a0   0x080043a0   0x0000000c   Code   RO         2450    i.TIM_OC1PolarityConfig  stm32f4xx_tim.o
    0x080043ac   0x080043ac   0x0000000c   Code   RO         2451    i.TIM_OC1PreloadConfig  stm32f4xx_tim.o
    0x080043b8   0x080043b8   0x00000080   Code   RO         2453    i.TIM_OC2Init       stm32f4xx_tim.o
    0x08004438   0x08004438   0x00000014   Code   RO         2455    i.TIM_OC2PolarityConfig  stm32f4xx_tim.o
    0x0800444c   0x0800444c   0x00000014   Code   RO         2456    i.TIM_OC2PreloadConfig  stm32f4xx_tim.o
    0x08004460   0x08004460   0x0000007c   Code   RO         2458    i.TIM_OC3Init       stm32f4xx_tim.o
    0x080044dc   0x080044dc   0x00000014   Code   RO         2460    i.TIM_OC3PolarityConfig  stm32f4xx_tim.o
    0x080044f0   0x080044f0   0x0000000c   Code   RO         2461    i.TIM_OC3PreloadConfig  stm32f4xx_tim.o
    0x080044fc   0x080044fc   0x00000060   Code   RO         2463    i.TIM_OC4Init       stm32f4xx_tim.o
    0x0800455c   0x0800455c   0x00000014   Code   RO         2464    i.TIM_OC4PolarityConfig  stm32f4xx_tim.o
    0x08004570   0x08004570   0x00000014   Code   RO         2465    i.TIM_OC4PreloadConfig  stm32f4xx_tim.o
    0x08004584   0x08004584   0x00000004   Code   RO         2485    i.TIM_SetCounter    stm32f4xx_tim.o
    0x08004588   0x08004588   0x00000010   Code   RO         2486    i.TIM_SetIC1Prescaler  stm32f4xx_tim.o
    0x08004598   0x08004598   0x00000018   Code   RO         2487    i.TIM_SetIC2Prescaler  stm32f4xx_tim.o
    0x080045b0   0x080045b0   0x00000010   Code   RO         2488    i.TIM_SetIC3Prescaler  stm32f4xx_tim.o
    0x080045c0   0x080045c0   0x00000018   Code   RO         2489    i.TIM_SetIC4Prescaler  stm32f4xx_tim.o
    0x080045d8   0x080045d8   0x0000007c   Code   RO         2491    i.TIM_TimeBaseInit  stm32f4xx_tim.o
    0x08004654   0x08004654   0x00000012   Code   RO         2492    i.TIM_TimeBaseStructInit  stm32f4xx_tim.o
    0x08004666   0x08004666   0x00000002   PAD
    0x08004668   0x08004668   0x00000050   Code   RO         4199    i.Turn_Off          balance.o
    0x080046b8   0x080046b8   0x000000f8   Code   RO          999    i.UART5_IRQHandler  usartx.o
    0x080047b0   0x080047b0   0x00000108   Code   RO         1000    i.USART1_IRQHandler  usartx.o
    0x080048b8   0x080048b8   0x0000001c   Code   RO         1001    i.USART1_SEND       usartx.o
    0x080048d4   0x080048d4   0x00000234   Code   RO         1002    i.USART2_IRQHandler  usartx.o
    0x08004b08   0x08004b08   0x00000100   Code   RO         1003    i.USART3_IRQHandler  usartx.o
    0x08004c08   0x08004c08   0x0000001c   Code   RO         1004    i.USART3_SEND       usartx.o
    0x08004c24   0x08004c24   0x0000001c   Code   RO         1005    i.USART5_SEND       usartx.o
    0x08004c40   0x08004c40   0x00000014   Code   RO         1816    i.USART_Cmd         stm32f4xx_usart.o
    0x08004c54   0x08004c54   0x0000003e   Code   RO         1820    i.USART_GetITStatus  stm32f4xx_usart.o
    0x08004c92   0x08004c92   0x00000030   Code   RO         1822    i.USART_ITConfig    stm32f4xx_usart.o
    0x08004cc2   0x08004cc2   0x00000002   PAD
    0x08004cc4   0x08004cc4   0x000000ac   Code   RO         1823    i.USART_Init        stm32f4xx_usart.o
    0x08004d70   0x08004d70   0x00000008   Code   RO         1830    i.USART_ReceiveData  stm32f4xx_usart.o
    0x08004d78   0x08004d78   0x00000002   Code   RO          271    i.UsageFault_Handler  stm32f4xx_it.o
    0x08004d7a   0x08004d7a   0x00000002   PAD
    0x08004d7c   0x08004d7c   0x000000ac   Code   RO         1006    i.Vz_to_Akm_Angle   usartx.o
    0x08004e28   0x08004e28   0x00000054   Code   RO         1007    i.XYZ_Target_Speed_transition  usartx.o
    0x08004e7c   0x08004e7c   0x00000030   Code   RO         4812    i.__ARM_fpclassify  m_wm.l(fpclassify.o)
    0x08004eac   0x08004eac   0x00000004   PAD
    0x08004eb0   0x08004eb0   0x000002d8   Code   RO         4701    i.__hardfp_atan     m_wm.l(atan.o)
    0x08005188   0x08005188   0x00000c50   Code   RO         4715    i.__hardfp_pow      m_wm.l(pow.o)
    0x08005dd8   0x08005dd8   0x0000007a   Code   RO         4729    i.__hardfp_sqrt     m_wm.l(sqrt.o)
    0x08005e52   0x08005e52   0x00000006   PAD
    0x08005e58   0x08005e58   0x00000080   Code   RO         4741    i.__hardfp_tan      m_wm.l(tan.o)
    0x08005ed8   0x08005ed8   0x00000438   Code   RO         4817    i.__ieee754_rem_pio2  m_wm.l(rred.o)
    0x08006310   0x08006310   0x000000f8   Code   RO         4814    i.__kernel_poly     m_wm.l(poly.o)
    0x08006408   0x08006408   0x00000350   Code   RO         4822    i.__kernel_tan      m_wm.l(tan_i.o)
    0x08006758   0x08006758   0x00000030   Code   RO         4792    i.__mathlib_dbl_divzero  m_wm.l(dunder.o)
    0x08006788   0x08006788   0x00000014   Code   RO         4793    i.__mathlib_dbl_infnan  m_wm.l(dunder.o)
    0x0800679c   0x0800679c   0x00000014   Code   RO         4794    i.__mathlib_dbl_infnan2  m_wm.l(dunder.o)
    0x080067b0   0x080067b0   0x00000020   Code   RO         4795    i.__mathlib_dbl_invalid  m_wm.l(dunder.o)
    0x080067d0   0x080067d0   0x00000020   Code   RO         4796    i.__mathlib_dbl_overflow  m_wm.l(dunder.o)
    0x080067f0   0x080067f0   0x00000020   Code   RO         4798    i.__mathlib_dbl_underflow  m_wm.l(dunder.o)
    0x08006810   0x08006810   0x00000002   Code   RO         1226    i._sys_exit         usart.o
    0x08006812   0x08006812   0x00000002   PAD
    0x08006814   0x08006814   0x0000008c   Code   RO          594    i.click_N_Double_MPU6050  key.o
    0x080068a0   0x080068a0   0x00000026   Code   RO         1008    i.data_task         usartx.o
    0x080068c6   0x080068c6   0x00000002   PAD
    0x080068c8   0x080068c8   0x0000029c   Code   RO         1009    i.data_transition   usartx.o
    0x08006b64   0x08006b64   0x00000038   Code   RO         1153    i.delay_init        delay.o
    0x08006b9c   0x08006b9c   0x00000038   Code   RO         1154    i.delay_ms          delay.o
    0x08006bd4   0x08006bd4   0x00000034   Code   RO         1155    i.delay_us          delay.o
    0x08006c08   0x08006c08   0x00000018   Code   RO         4808    i.fabs              m_wm.l(fabs.o)
    0x08006c20   0x08006c20   0x00000010   Code   RO         4200    i.float_abs         balance.o
    0x08006c30   0x08006c30   0x00000018   Code   RO         1227    i.fputc             usart.o
    0x08006c48   0x08006c48   0x0000001c   Code   RO         1157    i.getSysTickCnt     delay.o
    0x08006c64   0x08006c64   0x00000020   Code   RO          643    i.led_task          led.o
    0x08006c84   0x08006c84   0x00000038   Code   RO            3    i.main              main.o
    0x08006cbc   0x08006cbc   0x00000010   Code   RO          740    i.oled_pow          oled.o
    0x08006ccc   0x08006ccc   0x00000884   Code   RO         4356    i.oled_show         show.o
    0x08007550   0x08007550   0x00000070   Code   RO         3494    i.prvAddCurrentTaskToDelayedList  tasks.o
    0x080075c0   0x080075c0   0x000000d0   Code   RO         3495    i.prvAddNewTaskToReadyList  tasks.o
    0x08007690   0x08007690   0x00000050   Code   RO         3847    i.prvCheckForValidListAndQueue  timers.o
    0x080076e0   0x080076e0   0x00000054   Code   RO         3496    i.prvCheckTasksWaitingTermination  tasks.o
    0x08007734   0x08007734   0x00000026   Code   RO         3271    i.prvCopyDataFromQueue  queue.o
    0x0800775a   0x0800775a   0x0000006c   Code   RO         3272    i.prvCopyDataToQueue  queue.o
    0x080077c6   0x080077c6   0x00000014   Code   RO         3497    i.prvDeleteTCB      tasks.o
    0x080077da   0x080077da   0x00000002   PAD
    0x080077dc   0x080077dc   0x0000004c   Code   RO         4060    i.prvHeapInit       heap_4.o
    0x08007828   0x08007828   0x00000028   Code   RO         3498    i.prvIdleTask       tasks.o
    0x08007850   0x08007850   0x000000c0   Code   RO         3499    i.prvInitialiseNewTask  tasks.o
    0x08007910   0x08007910   0x0000004c   Code   RO         4061    i.prvInsertBlockIntoFreeList  heap_4.o
    0x0800795c   0x0800795c   0x00000038   Code   RO         3848    i.prvInsertTimerInActiveList  timers.o
    0x08007994   0x08007994   0x0000001a   Code   RO         3273    i.prvIsQueueEmpty   queue.o
    0x080079ae   0x080079ae   0x00000002   PAD
    0x080079b0   0x080079b0   0x00000090   Code   RO         3274    i.prvNotifyQueueSetContainer  queue.o
    0x08007a40   0x08007a40   0x00000060   Code   RO         3849    i.prvProcessExpiredTimer  timers.o
    0x08007aa0   0x08007aa0   0x000000f0   Code   RO         3850    i.prvProcessReceivedCommands  timers.o
    0x08007b90   0x08007b90   0x0000006c   Code   RO         3851    i.prvProcessTimerOrBlockTask  timers.o
    0x08007bfc   0x08007bfc   0x00000020   Code   RO         3501    i.prvResetNextTaskUnblockTime  tasks.o
    0x08007c1c   0x08007c1c   0x00000028   Code   RO         3852    i.prvSampleTimeNow  timers.o
    0x08007c44   0x08007c44   0x0000006c   Code   RO         3853    i.prvSwitchTimerLists  timers.o
    0x08007cb0   0x08007cb0   0x00000064   Code   RO         3976    i.prvTaskExitError  port.o
    0x08007d14   0x08007d14   0x00000028   Code   RO         3854    i.prvTimerTask      timers.o
    0x08007d3c   0x08007d3c   0x00000078   Code   RO         3275    i.prvUnlockQueue    queue.o
    0x08007db4   0x08007db4   0x00000016   Code   RO          841    i.pstwo_task        pstwo.o
    0x08007dca   0x08007dca   0x00000002   PAD
    0x08007dcc   0x08007dcc   0x00000114   Code   RO         4062    i.pvPortMalloc      heap_4.o
    0x08007ee0   0x08007ee0   0x00000018   Code   RO         3503    i.pvTaskIncrementMutexHeldCount  tasks.o
    0x08007ef8   0x08007ef8   0x0000002c   Code   RO         3977    i.pxPortInitialiseStack  port.o
    0x08007f24   0x08007f24   0x00000128   Code   RO         4357    i.show_task         show.o
    0x0800804c   0x0800804c   0x0000006e   Code   RO         4731    i.sqrt              m_wm.l(sqrt.o)
    0x080080ba   0x080080ba   0x00000002   PAD
    0x080080bc   0x080080bc   0x000000f0   Code   RO            4    i.start_task        main.o
    0x080081ac   0x080081ac   0x000000ba   Code   RO         4117    i.systemInit        system.o
    0x08008266   0x08008266   0x00000020   Code   RO         4203    i.target_limit_float  balance.o
    0x08008286   0x08008286   0x00000010   Code   RO         4204    i.target_limit_int  balance.o
    0x08008296   0x08008296   0x00000002   PAD
    0x08008298   0x08008298   0x000000ac   Code   RO         1010    i.uart1_init        usartx.o
    0x08008344   0x08008344   0x000000a8   Code   RO         1011    i.uart2_init        usartx.o
    0x080083ec   0x080083ec   0x000000b0   Code   RO         1012    i.uart3_init        usartx.o
    0x0800849c   0x0800849c   0x000000dc   Code   RO         1013    i.uart5_init        usartx.o
    0x08008578   0x08008578   0x00000010   Code   RO         1014    i.usart1_send       usartx.o
    0x08008588   0x08008588   0x00000014   Code   RO         1016    i.usart3_send       usartx.o
    0x0800859c   0x0800859c   0x00000010   Code   RO         1017    i.usart5_send       usartx.o
    0x080085ac   0x080085ac   0x00000024   Code   RO         3226    i.uxListRemove      list.o
    0x080085d0   0x080085d0   0x00000016   Code   RO         3227    i.vListInitialise   list.o
    0x080085e6   0x080085e6   0x00000006   Code   RO         3228    i.vListInitialiseItem  list.o
    0x080085ec   0x080085ec   0x00000030   Code   RO         3229    i.vListInsert       list.o
    0x0800861c   0x0800861c   0x00000018   Code   RO         3230    i.vListInsertEnd    list.o
    0x08008634   0x08008634   0x00000078   Code   RO         3979    i.vPortEnterCritical  port.o
    0x080086ac   0x080086ac   0x00000064   Code   RO         3980    i.vPortExitCritical  port.o
    0x08008710   0x08008710   0x0000009c   Code   RO         4063    i.vPortFree         heap_4.o
    0x080087ac   0x080087ac   0x00000020   Code   RO         3981    i.vPortSetupTimerInterrupt  port.o
    0x080087cc   0x080087cc   0x0000008c   Code   RO         3982    i.vPortValidateInterruptPriority  port.o
    0x08008858   0x08008858   0x00000024   Code   RO         3281    i.vQueueAddToRegistry  queue.o
    0x0800887c   0x0800887c   0x00000044   Code   RO         3285    i.vQueueWaitForMessageRestricted  queue.o
    0x080088c0   0x080088c0   0x0000006c   Code   RO         3511    i.vTaskDelay        tasks.o
    0x0800892c   0x0800892c   0x000000ac   Code   RO         3512    i.vTaskDelayUntil   tasks.o
    0x080089d8   0x080089d8   0x000000cc   Code   RO         3513    i.vTaskDelete       tasks.o
    0x08008aa4   0x08008aa4   0x0000000c   Code   RO         3517    i.vTaskMissedYield  tasks.o
    0x08008ab0   0x08008ab0   0x00000054   Code   RO         3519    i.vTaskPlaceOnEventList  tasks.o
    0x08008b04   0x08008b04   0x0000005c   Code   RO         3520    i.vTaskPlaceOnEventListRestricted  tasks.o
    0x08008b60   0x08008b60   0x00000084   Code   RO         3522    i.vTaskPriorityInherit  tasks.o
    0x08008be4   0x08008be4   0x00000048   Code   RO         3526    i.vTaskSetTimeOutState  tasks.o
    0x08008c2c   0x08008c2c   0x00000094   Code   RO         3527    i.vTaskStartScheduler  tasks.o
    0x08008cc0   0x08008cc0   0x00000010   Code   RO         3529    i.vTaskSuspendAll   tasks.o
    0x08008cd0   0x08008cd0   0x0000007c   Code   RO         3530    i.vTaskSwitchContext  tasks.o
    0x08008d4c   0x08008d4c   0x00000114   Code   RO         3983    i.xPortStartScheduler  port.o
    0x08008e60   0x08008e60   0x0000002c   Code   RO         3984    i.xPortSysTickHandler  port.o
    0x08008e8c   0x08008e8c   0x00000078   Code   RO         3290    i.xQueueGenericCreate  queue.o
    0x08008f04   0x08008f04   0x00000184   Code   RO         3291    i.xQueueGenericReceive  queue.o
    0x08009088   0x08009088   0x000000a8   Code   RO         3292    i.xQueueGenericReset  queue.o
    0x08009130   0x08009130   0x00000188   Code   RO         3293    i.xQueueGenericSend  queue.o
    0x080092b8   0x080092b8   0x000000e0   Code   RO         3294    i.xQueueGenericSendFromISR  queue.o
    0x08009398   0x08009398   0x00000088   Code   RO         3531    i.xTaskCheckForTimeOut  tasks.o
    0x08009420   0x08009420   0x00000056   Code   RO         3532    i.xTaskCreate       tasks.o
    0x08009476   0x08009476   0x00000002   PAD
    0x08009478   0x08009478   0x0000001c   Code   RO         3536    i.xTaskGetSchedulerState  tasks.o
    0x08009494   0x08009494   0x0000000c   Code   RO         3537    i.xTaskGetTickCount  tasks.o
    0x080094a0   0x080094a0   0x000000e8   Code   RO         3539    i.xTaskIncrementTick  tasks.o
    0x08009588   0x08009588   0x000000b4   Code   RO         3542    i.xTaskPriorityDisinherit  tasks.o
    0x0800963c   0x0800963c   0x00000098   Code   RO         3543    i.xTaskRemoveFromEventList  tasks.o
    0x080096d4   0x080096d4   0x000000e4   Code   RO         3545    i.xTaskResumeAll    tasks.o
    0x080097b8   0x080097b8   0x00000074   Code   RO         3857    i.xTimerCreate      timers.o
    0x0800982c   0x0800982c   0x00000074   Code   RO         3858    i.xTimerCreateTimerTask  timers.o
    0x080098a0   0x080098a0   0x00000090   Code   RO         3859    i.xTimerGenericCommand  timers.o
    0x08009930   0x08009930   0x00000018   Code   RO         4773    x$fpl$basic         fz_wm.l(basic.o)
    0x08009948   0x08009948   0x00000062   Code   RO         4675    x$fpl$d2f           fz_wm.l(d2f.o)
    0x080099aa   0x080099aa   0x00000002   PAD
    0x080099ac   0x080099ac   0x00000150   Code   RO         4677    x$fpl$dadd          fz_wm.l(daddsub_clz.o)
    0x08009afc   0x08009afc   0x00000010   Code   RO         4854    x$fpl$dcheck1       fz_wm.l(dcheck1.o)
    0x08009b0c   0x08009b0c   0x00000018   Code   RO         4856    x$fpl$dcmpinf       fz_wm.l(dcmpi.o)
    0x08009b24   0x08009b24   0x000002b0   Code   RO         4684    x$fpl$ddiv          fz_wm.l(ddiv.o)
    0x08009dd4   0x08009dd4   0x0000005e   Code   RO         4687    x$fpl$dfix          fz_wm.l(dfix.o)
    0x08009e32   0x08009e32   0x0000002e   Code   RO         4692    x$fpl$dflt          fz_wm.l(dflt_clz.o)
    0x08009e60   0x08009e60   0x00000026   Code   RO         4691    x$fpl$dfltu         fz_wm.l(dflt_clz.o)
    0x08009e86   0x08009e86   0x00000002   PAD
    0x08009e88   0x08009e88   0x00000078   Code   RO         4775    x$fpl$dleqf         fz_wm.l(dleqf.o)
    0x08009f00   0x08009f00   0x00000154   Code   RO         4697    x$fpl$dmul          fz_wm.l(dmul.o)
    0x0800a054   0x0800a054   0x0000009c   Code   RO         4777    x$fpl$dnaninf       fz_wm.l(dnaninf.o)
    0x0800a0f0   0x0800a0f0   0x0000000c   Code   RO         4779    x$fpl$dretinf       fz_wm.l(dretinf.o)
    0x0800a0fc   0x0800a0fc   0x0000006c   Code   RO         4781    x$fpl$drleqf        fz_wm.l(drleqf.o)
    0x0800a168   0x0800a168   0x00000016   Code   RO         4678    x$fpl$drsb          fz_wm.l(daddsub_clz.o)
    0x0800a17e   0x0800a17e   0x00000002   PAD
    0x0800a180   0x0800a180   0x00000198   Code   RO         4783    x$fpl$dsqrt         fz_wm.l(dsqrt_umaal.o)
    0x0800a318   0x0800a318   0x000001d4   Code   RO         4679    x$fpl$dsub          fz_wm.l(daddsub_clz.o)
    0x0800a4ec   0x0800a4ec   0x00000056   Code   RO         4699    x$fpl$f2d           fz_wm.l(f2d.o)
    0x0800a542   0x0800a542   0x0000008c   Code   RO         4785    x$fpl$fnaninf       fz_wm.l(fnaninf.o)
    0x0800a5ce   0x0800a5ce   0x0000000a   Code   RO         4931    x$fpl$fpinit        fz_wm.l(fpinit.o)
    0x0800a5d8   0x0800a5d8   0x0000000a   Code   RO         4787    x$fpl$fretinf       fz_wm.l(fretinf.o)
    0x0800a5e2   0x0800a5e2   0x00000064   Code   RO         4871    x$fpl$retnan        fz_wm.l(retnan.o)
    0x0800a646   0x0800a646   0x0000005c   Code   RO         4789    x$fpl$scalbn        fz_wm.l(scalbn.o)
    0x0800a6a2   0x0800a6a2   0x00000030   Code   RO         4920    x$fpl$trapveneer    fz_wm.l(trapv.o)
    0x0800a6d2   0x0800a6d2   0x00000000   Code   RO         4791    x$fpl$usenofp       fz_wm.l(usenofp.o)
    0x0800a6d2   0x0800a6d2   0x000014a4   Data   RO          742    .constdata          oled.o
    0x0800bb76   0x0800bb76   0x00000002   PAD
    0x0800bb78   0x0800bb78   0x00000098   Data   RO         4704    .constdata          m_wm.l(atan.o)
    0x0800bc10   0x0800bc10   0x00000088   Data   RO         4718    .constdata          m_wm.l(pow.o)
    0x0800bc98   0x0800bc98   0x00000008   Data   RO         4816    .constdata          m_wm.l(qnan.o)
    0x0800bca0   0x0800bca0   0x000000c8   Data   RO         4819    .constdata          m_wm.l(rred.o)
    0x0800bd68   0x0800bd68   0x00000060   Data   RO         4823    .constdata          m_wm.l(tan_i.o)
    0x0800bdc8   0x0800bdc8   0x00000020   Data   RO         4995    Region$$Table       anon$$obj.o


    Execution Region RW_IRAM1 (Exec base: 0x20000000, Load base: 0x0800bde8, Size: 0x000060f8, Max: 0x00020000, ABSOLUTE, COMPRESSED[0x0000005c])

    Exec Addr    Load Addr    Size         Type   Attr      Idx    E Section Name        Object

    0x20000000   COMPRESSED   0x00000004   Data   RW            5    .data               main.o
    0x20000004   COMPRESSED   0x00000014   Data   RW          348    .data               system_stm32f4xx.o
    0x20000018   COMPRESSED   0x00000004   Data   RW          389    .data               adc.o
    0x2000001c   COMPRESSED   0x00000004   Data   RW          391    .data               adc.o
    0x20000020   COMPRESSED   0x00000014   Data   RW          595    .data               key.o
    0x20000034   COMPRESSED   0x00000008   Data   RW          644    .data               led.o
    0x2000003c   COMPRESSED   0x00000028   Data   RW          843    .data               pstwo.o
    0x20000064   COMPRESSED   0x00000044   Data   RW          952    .data               timer.o
    0x200000a8   COMPRESSED   0x0000000c   Data   RW         1019    .data               usartx.o
    0x200000b4   COMPRESSED   0x00000008   Data   RW         1158    .data               delay.o
    0x200000bc   COMPRESSED   0x00000004   Data   RW         1231    .data               usart.o
    0x200000c0   COMPRESSED   0x00000010   Data   RW         1475    .data               stm32f4xx_rcc.o
    0x200000d0   COMPRESSED   0x0000003c   Data   RW         3548    .data               tasks.o
    0x2000010c   COMPRESSED   0x00000014   Data   RW         3867    .data               timers.o
    0x20000120   COMPRESSED   0x0000000c   Data   RW         3985    .data               port.o
    0x2000012c   COMPRESSED   0x00000018   Data   RW         4068    .data               heap_4.o
    0x20000144   COMPRESSED   0x00000001   Data   RW         4123    .data               system.o
    0x20000145   COMPRESSED   0x00000001   Data   RW         4124    .data               system.o
    0x20000146   COMPRESSED   0x00000002   PAD
    0x20000148   COMPRESSED   0x00000004   Data   RW         4125    .data               system.o
    0x2000014c   COMPRESSED   0x00000004   Data   RW         4126    .data               system.o
    0x20000150   COMPRESSED   0x00000004   Data   RW         4127    .data               system.o
    0x20000154   COMPRESSED   0x00000001   Data   RW         4128    .data               system.o
    0x20000155   COMPRESSED   0x00000001   Data   RW         4129    .data               system.o
    0x20000156   COMPRESSED   0x00000001   Data   RW         4130    .data               system.o
    0x20000157   COMPRESSED   0x00000001   Data   RW         4131    .data               system.o
    0x20000158   COMPRESSED   0x00000001   Data   RW         4132    .data               system.o
    0x20000159   COMPRESSED   0x00000003   PAD
    0x2000015c   COMPRESSED   0x00000004   Data   RW         4133    .data               system.o
    0x20000160   COMPRESSED   0x00000004   Data   RW         4137    .data               system.o
    0x20000164   COMPRESSED   0x00000004   Data   RW         4138    .data               system.o
    0x20000168   COMPRESSED   0x00000004   Data   RW         4140    .data               system.o
    0x2000016c   COMPRESSED   0x00000004   Data   RW         4141    .data               system.o
    0x20000170   COMPRESSED   0x00000004   Data   RW         4142    .data               system.o
    0x20000174   COMPRESSED   0x00000004   Data   RW         4143    .data               system.o
    0x20000178   COMPRESSED   0x00000004   Data   RW         4144    .data               system.o
    0x2000017c   COMPRESSED   0x00000004   Data   RW         4145    .data               system.o
    0x20000180   COMPRESSED   0x00000004   Data   RW         4146    .data               system.o
    0x20000184   COMPRESSED   0x00000004   Data   RW         4147    .data               system.o
    0x20000188   COMPRESSED   0x00000004   Data   RW         4148    .data               system.o
    0x2000018c   COMPRESSED   0x00000004   Data   RW         4149    .data               system.o
    0x20000190   COMPRESSED   0x00000001   Data   RW         4150    .data               system.o
    0x20000191   COMPRESSED   0x00000001   Data   RW         4151    .data               system.o
    0x20000192   COMPRESSED   0x00000001   Data   RW         4152    .data               system.o
    0x20000193   COMPRESSED   0x00000001   Data   RW         4153    .data               system.o
    0x20000194   COMPRESSED   0x00000001   Data   RW         4154    .data               system.o
    0x20000195   COMPRESSED   0x00000001   Data   RW         4155    .data               system.o
    0x20000196   COMPRESSED   0x00000002   PAD
    0x20000198   COMPRESSED   0x00000004   Data   RW         4156    .data               system.o
    0x2000019c   COMPRESSED   0x00000004   Data   RW         4157    .data               system.o
    0x200001a0   COMPRESSED   0x00000004   Data   RW         4158    .data               system.o
    0x200001a4   COMPRESSED   0x00000004   Data   RW         4159    .data               system.o
    0x200001a8   COMPRESSED   0x00000004   Data   RW         4160    .data               system.o
    0x200001ac   COMPRESSED   0x0000003c   Data   RW         4206    .data               balance.o
    0x200001e8   COMPRESSED   0x00000001   Data   RW         4207    .data               balance.o
    0x200001e9   COMPRESSED   0x00000003   PAD
    0x200001ec   COMPRESSED   0x00000018   Data   RW         4358    .data               show.o
    0x20000204   COMPRESSED   0x00000028   Data   RW         4418    .data               mpu6050.o
    0x2000022c        -       0x00000400   Zero   RW          741    .bss                oled.o
    0x2000062c        -       0x00000009   Zero   RW          842    .bss                pstwo.o
    0x20000635   COMPRESSED   0x00000003   PAD
    0x20000638        -       0x00000090   Zero   RW         1018    .bss                usartx.o
    0x200006c8        -       0x00000040   Zero   RW         3305    .bss                queue.o
    0x20000708        -       0x000002e4   Zero   RW         3547    .bss                tasks.o
    0x200009ec        -       0x00000028   Zero   RW         3866    .bss                timers.o
    0x20000a14        -       0x00005000   Zero   RW         4067    .bss                heap_4.o
    0x20005a14        -       0x0000000c   Zero   RW         4118    .bss                system.o
    0x20005a20        -       0x00000014   Zero   RW         4119    .bss                system.o
    0x20005a34        -       0x00000014   Zero   RW         4120    .bss                system.o
    0x20005a48        -       0x00000014   Zero   RW         4121    .bss                system.o
    0x20005a5c        -       0x00000014   Zero   RW         4122    .bss                system.o
    0x20005a70        -       0x00000010   Zero   RW         4205    .bss                balance.o
    0x20005a80        -       0x00000018   Zero   RW         4328    .bss                robot_select_init.o
    0x20005a98        -       0x00000060   Zero   RW         4859    .bss                c_w.l(libspace.o)
    0x20005af8        -       0x00000200   Zero   RW         1272    HEAP                startup_stm32f40_41xxx.o
    0x20005cf8        -       0x00000400   Zero   RW         1271    STACK               startup_stm32f40_41xxx.o


==============================================================================

Image component sizes


      Code (inc. data)   RO Data    RW Data    ZI Data      Debug   Object Name

       502         60          0          8          0       4277   adc.o
      4590        644          0         61         16      15767   balance.o
      1130         84          0          0          0       5707   can.o
       212         18          0          8          0       3405   delay.o
       944         70          0          0          0       6415   encoder.o
         0          0          0          0          0       9484   event_groups.o
       584        138          0         24      20480       4359   heap_4.o
       818         74          0          0          0       7429   i2c.o
       184         12          0         20          0       3250   key.o
       148         20          0          8          0       2428   led.o
       136          0          0          0          0       3434   list.o
       296        130          0          4          0     323080   main.o
       144         14          0          0          0       2265   misc.o
       808         44          0          0          0       3919   motor.o
       630         22          0         40          0       6908   mpu6050.o
       878         42       5284          0       1024       7903   oled.o
      1038        382          0         12          0      11309   port.o
      1092        118          0         40          9       8340   pstwo.o
      1832        236          0          0         64      13973   queue.o
       488        146          0          0         24       2037   robot_select_init.o
      2788        426          0         24          0       4016   show.o
        64         26        392          0       1536        876   startup_stm32f40_41xxx.o
       286         20          0          0          0       5938   stm32f4xx_adc.o
        16          0          0          0          0       1647   stm32f4xx_can.o
       156          0          0          0          0       2482   stm32f4xx_gpio.o
        12          0          0          0          0       2941   stm32f4xx_it.o
        12          6          0          0          0        570   stm32f4xx_pwr.o
       268         42          0         16          0       6180   stm32f4xx_rcc.o
      1274         60          0          0          0      25496   stm32f4xx_tim.o
       310          8          0          0          0       4682   stm32f4xx_usart.o
       186          0          0         97         92       3950   system.o
       272         36          0         20          0       1929   system_stm32f4xx.o
      2930        714          0         60        740      32005   tasks.o
      1152         60          0         68          0       4841   timer.o
      1144        260          0         20         40      10510   timers.o
        26          6          0          4          0       3060   usart.o
      3310        466          0         12        144      15946   usartx.o

    ----------------------------------------------------------------------
     30708       4384       5710        556      24172     572758   Object Totals
         0          0         32          0          0          0   (incl. Generated)
        48          0          2         10          3          0   (incl. Padding)

    ----------------------------------------------------------------------

      Code (inc. data)   RO Data    RW Data    ZI Data      Debug   Library Member Name

        90          0          0          0          0          0   __dczerorl2.o
         8          0          0          0          0         68   __main.o
       104          0          0          0          0         84   __printf.o
         0          0          0          0          0          0   __rtentry.o
        12          0          0          0          0          0   __rtentry2.o
         6          0          0          0          0          0   __rtentry4.o
        52          8          0          0          0          0   __scatter.o
        28          0          0          0          0          0   __scatter_zi.o
        44          0          0          0          0        108   _printf_char.o
        48          6          0          0          0         96   _printf_char_common.o
        36          4          0          0          0         80   _printf_char_file.o
         6          0          0          0          0          0   _printf_d.o
       120         16          0          0          0         92   _printf_dec.o
       178          0          0          0          0         88   _printf_intcommon.o
         0          0          0          0          0          0   _printf_percent.o
         4          0          0          0          0          0   _printf_percent_end.o
         6          0          0          0          0          0   _printf_s.o
        82          0          0          0          0         80   _printf_str.o
        22          0          0          0          0        100   _rserrno.o
        16          0          0          0          0         68   aeabi_memset.o
        18          0          0          0          0         80   exit.o
         8          0          0          0          0         68   ferror.o
         6          0          0          0          0        152   heapauxi.o
         2          0          0          0          0          0   libinit.o
         6          0          0          0          0          0   libinit2.o
         2          0          0          0          0          0   libshutdown.o
         2          0          0          0          0          0   libshutdown2.o
         8          4          0          0         96         68   libspace.o
        24          4          0          0          0         84   noretval__2printf.o
         8          4          0          0          0         68   rt_errno_addr_intlibspace.o
        68          0          0          0          0         68   rt_memclr.o
        78          0          0          0          0         80   rt_memclr_w.o
       138          0          0          0          0         68   rt_memcpy_v6.o
       100          0          0          0          0         80   rt_memcpy_w.o
         2          0          0          0          0          0   rtexit.o
        10          0          0          0          0          0   rtexit2.o
        74          0          0          0          0         80   sys_stackheap_outer.o
         2          0          0          0          0         68   use_no_semi.o
         2          0          0          0          0         68   use_no_semi_2.o
        24          0          0          0          0        164   basic.o
        98          4          0          0          0        140   d2f.o
       826         16          0          0          0        492   daddsub_clz.o
        16          4          0          0          0        116   dcheck1.o
        24          0          0          0          0        116   dcmpi.o
       688        140          0          0          0        256   ddiv.o
        94          4          0          0          0        140   dfix.o
        84          0          0          0          0        232   dflt_clz.o
       120          4          0          0          0        140   dleqf.o
       340         12          0          0          0        152   dmul.o
       156          4          0          0          0        140   dnaninf.o
        12          0          0          0          0        116   dretinf.o
       108          0          0          0          0        128   drleqf.o
       408         56          0          0          0        168   dsqrt_umaal.o
        86          4          0          0          0        132   f2d.o
       140          4          0          0          0        132   fnaninf.o
        10          0          0          0          0        116   fpinit.o
        10          0          0          0          0        116   fretinf.o
       100          0          0          0          0        116   retnan.o
        92          0          0          0          0        116   scalbn.o
        48          0          0          0          0        116   trapv.o
         0          0          0          0          0          0   usenofp.o
       728        106        152          0          0        228   atan.o
       184         44          0          0          0        744   dunder.o
        24          0          0          0          0        124   fabs.o
        48          0          0          0          0        124   fpclassify.o
       248          0          0          0          0        152   poly.o
      3152        296        136          0          0        352   pow.o
         0          0          8          0          0          0   qnan.o
      1080        142        200          0          0        188   rred.o
       232          0          0          0          0        296   sqrt.o
       128         20          0          0          0        144   tan.o
       848         84         96          0          0        196   tan_i.o

    ----------------------------------------------------------------------
     11606        990        592          0         96       7788   Library Totals
        30          0          0          0          0          0   (incl. Padding)

    ----------------------------------------------------------------------

      Code (inc. data)   RO Data    RW Data    ZI Data      Debug   Library Name

      1420         46          0          0         96       1896   c_w.l
      3484        252          0          0          0       3344   fz_wm.l
      6672        692        592          0          0       2548   m_wm.l

    ----------------------------------------------------------------------
     11606        990        592          0         96       7788   Library Totals

    ----------------------------------------------------------------------

==============================================================================


      Code (inc. data)   RO Data    RW Data    ZI Data      Debug   

     42314       5374       6302        556      24268     550258   Grand Totals
     42314       5374       6302         92      24268     550258   ELF Image Totals (compressed)
     42314       5374       6302         92          0          0   ROM Totals

==============================================================================

    Total RO  Size (Code + RO Data)                48616 (  47.48kB)
    Total RW  Size (RW Data + ZI Data)             24824 (  24.24kB)
    Total ROM Size (Code + RO Data + RW Data)      48708 (  47.57kB)

==============================================================================

